Archive member included to satisfy reference by file (symbol)

..\..\..\..\..\..\..\..\..\middleware\wireless\bluetooth_1.4.0\host\lib\lib_ble_5-0_host_ri5cy.a(att.o)
                              bluetooth\host\config\ble_globals.o (gAttConnEntrySize)
..\..\..\..\..\..\..\..\..\middleware\wireless\bluetooth_1.4.0\host\lib\lib_ble_5-0_host_ri5cy.a(att_cb.o)
                              ..\..\..\..\..\..\..\..\..\middleware\wireless\bluetooth_1.4.0\host\lib\lib_ble_5-0_host_ri5cy.a(att.o) (att_InitializeInternalCallback)
..\..\..\..\..\..\..\..\..\middleware\wireless\bluetooth_1.4.0\host\lib\lib_ble_5-0_host_ri5cy.a(host_hl_task.o)
                              sources\common\ble_host_tasks.o (Host_TaskHandler)
..\..\..\..\..\..\..\..\..\middleware\wireless\bluetooth_1.4.0\host\lib\lib_ble_5-0_host_ri5cy.a(host_version.o)
                              bluetooth\host\config\ble_globals.o (BLE_HOST_VERSION)
..\..\..\..\..\..\..\..\..\middleware\wireless\bluetooth_1.4.0\host\lib\lib_ble_5-0_host_ri5cy.a(device_db.o)
                              bluetooth\host\config\ble_globals.o (gActiveDevicesEntrySize)
..\..\..\..\..\..\..\..\..\middleware\wireless\bluetooth_1.4.0\host\lib\lib_ble_5-0_host_ri5cy.a(gap.o)
                              ..\..\..\..\..\..\..\..\..\middleware\wireless\bluetooth_1.4.0\host\lib\lib_ble_5-0_host_ri5cy.a(host_hl_task.o) (InternalGap_SendSingleAdvertisement)
..\..\..\..\..\..\..\..\..\middleware\wireless\bluetooth_1.4.0\host\lib\lib_ble_5-0_host_ri5cy.a(gap_api2msg.o)
                              sources\common\ble_init.o (Ble_HostInitialize)
..\..\..\..\..\..\..\..\..\middleware\wireless\bluetooth_1.4.0\host\lib\lib_ble_5-0_host_ri5cy.a(gap_cm.o)
                              ..\..\..\..\..\..\..\..\..\middleware\wireless\bluetooth_1.4.0\host\lib\lib_ble_5-0_host_ri5cy.a(gap.o) (gap_cm_verifyPraAtAppRequest)
..\..\..\..\..\..\..\..\..\middleware\wireless\bluetooth_1.4.0\host\lib\lib_ble_5-0_host_ri5cy.a(gap_hci_cb.o)
                              ..\..\..\..\..\..\..\..\..\middleware\wireless\bluetooth_1.4.0\host\lib\lib_ble_5-0_host_ri5cy.a(gap.o) (hciLeCallback)
..\..\..\..\..\..\..\..\..\middleware\wireless\bluetooth_1.4.0\host\lib\lib_ble_5-0_host_ri5cy.a(gap_sm_cb.o)
                              ..\..\..\..\..\..\..\..\..\middleware\wireless\bluetooth_1.4.0\host\lib\lib_ble_5-0_host_ri5cy.a(gap.o) (smCallback)
..\..\..\..\..\..\..\..\..\middleware\wireless\bluetooth_1.4.0\host\lib\lib_ble_5-0_host_ri5cy.a(gatt_api2msg.o)
                              ..\..\..\..\..\..\..\..\..\middleware\wireless\bluetooth_1.4.0\host\lib\lib_ble_5-0_host_ri5cy.a(gap.o) (Gatt_Init)
..\..\..\..\..\..\..\..\..\middleware\wireless\bluetooth_1.4.0\host\lib\lib_ble_5-0_host_ri5cy.a(gatt_client.o)
                              ..\..\..\..\..\..\..\..\..\middleware\wireless\bluetooth_1.4.0\host\lib\lib_ble_5-0_host_ri5cy.a(host_hl_task.o) (InternalGattClient_ResetProcedures)
..\..\..\..\..\..\..\..\..\middleware\wireless\bluetooth_1.4.0\host\lib\lib_ble_5-0_host_ri5cy.a(gatt_server.o)
                              ..\..\..\..\..\..\..\..\..\middleware\wireless\bluetooth_1.4.0\host\lib\lib_ble_5-0_host_ri5cy.a(gatt_api2msg.o) (InternalGattServer_Init)
..\..\..\..\..\..\..\..\..\middleware\wireless\bluetooth_1.4.0\host\lib\lib_ble_5-0_host_ri5cy.a(gatt_db_app.o)
                              bluetooth\profiles\battery\battery_service.o (GattDb_WriteAttribute)
..\..\..\..\..\..\..\..\..\middleware\wireless\bluetooth_1.4.0\host\lib\lib_ble_5-0_host_ri5cy.a(gatt_db_att.o)
                              ..\..\..\..\..\..\..\..\..\middleware\wireless\bluetooth_1.4.0\host\lib\lib_ble_5-0_host_ri5cy.a(gatt_server.o) (GattDb_AttFindInformation)
..\..\..\..\..\..\..\..\..\middleware\wireless\bluetooth_1.4.0\host\lib\lib_ble_5-0_host_ri5cy.a(gatt_db_prepare_write_queue.o)
                              ..\..\..\..\..\..\..\..\..\middleware\wireless\bluetooth_1.4.0\host\lib\lib_ble_5-0_host_ri5cy.a(gatt_server.o) (PrepWrQ_InitQueues)
..\..\..\..\..\..\..\..\..\middleware\wireless\bluetooth_1.4.0\host\lib\lib_ble_5-0_host_ri5cy.a(hci_commands.o)
                              ..\..\..\..\..\..\..\..\..\middleware\wireless\bluetooth_1.4.0\host\lib\lib_ble_5-0_host_ri5cy.a(gap.o) (Hci_Init)
..\..\..\..\..\..\..\..\..\middleware\wireless\bluetooth_1.4.0\host\lib\lib_ble_5-0_host_ri5cy.a(l2ca_main.o)
                              ..\..\..\..\..\..\..\..\..\middleware\wireless\bluetooth_1.4.0\host\lib\lib_ble_5-0_host_ri5cy.a(gap.o) (L2ca_Init)
..\..\..\..\..\..\..\..\..\middleware\wireless\bluetooth_1.4.0\host\lib\lib_ble_5-0_host_ri5cy.a(l2ca_resource_manager.o)
                              ..\..\..\..\..\..\..\..\..\middleware\wireless\bluetooth_1.4.0\host\lib\lib_ble_5-0_host_ri5cy.a(l2ca_main.o) (L2ca_InitRm)
..\..\..\..\..\..\..\..\..\middleware\wireless\bluetooth_1.4.0\host\lib\lib_ble_5-0_host_ri5cy.a(l2ca_signaling.o)
[...]
Memory Configuration

Name             Origin             Length             Attributes
m_vector         0x00000000000fff00 0x0000000000000100 xr
m_text           0x0000000000000000 0x00000000000fff00 xr
m_data           0x0000000020000000 0x000000000002e800 rw
rpmsg_sh_mem     0x000000002002e800 0x0000000000001800 rw
m_usb_sram       0x0000000048010000 0x0000000000000800 rw
*default*        0x0000000000000000 0xffffffffffffffff

Linker script and memory map

START GROUP
LOAD bluetooth\hci_transport\source\hcit_rpmsg_lite_interface.o
LOAD bluetooth\host\config\ble_globals.o
LOAD bluetooth\profiles\battery\battery_service.o
LOAD bluetooth\profiles\device_info\device_info_service.o
LOAD bluetooth\profiles\heart_rate\heart_rate_service.o
LOAD board\board.o
LOAD board\clock_config.o
LOAD board\gpio_pins.o
LOAD board\hardware_init.o
LOAD board\pin_mux.o
LOAD drivers\fsl_cau3.o
LOAD drivers\fsl_clock.o
LOAD drivers\fsl_common.o
LOAD drivers\fsl_flash.o
LOAD drivers\fsl_gpio.o
LOAD drivers\fsl_intmux.o
LOAD drivers\fsl_lpuart.o
LOAD drivers\fsl_msmc.o
LOAD drivers\fsl_mu.o
LOAD drivers\fsl_sema42.o
LOAD drivers\fsl_tpm.o
LOAD drivers\fsl_trng.o
LOAD framework\Flash\Internal\Flash_Adapter.o
LOAD framework\FunctionLib\FunctionLib.o
LOAD framework\GPIO\Source\GPIO_Adapter.o
LOAD framework\Keyboard\Source\Keyboard.o
LOAD framework\LED\Source\LED.o
LOAD framework\Lists\GenericList.o
LOAD framework\MWSCoexistence\Source\MWS.o
LOAD framework\MemManager\Source\MemManager.o
LOAD framework\Messaging\Source\Messaging.o
LOAD framework\ModuleInfo\ModuleInfo.o
LOAD framework\NVM\Source\NV_Flash.o
LOAD framework\NVM\Source\NV_FsciCommands.o
LOAD framework\OSAbstraction\Source\fsl_os_abstraction_bm.o
LOAD framework\Panic\Source\Panic.o
LOAD framework\RNG\Source\RNG_mbedTLS.o
LOAD framework\Reset\Source\Reset.o
LOAD framework\SecLib\SecLib_mbedTLS.o
LOAD framework\SerialManager\Source\SerialManager.o
LOAD framework\SerialManager\Source\UART_Adapter.o
LOAD framework\Shell\Source\shell.o
LOAD framework\Shell\Source\shell_autocomplete.o
LOAD framework\Shell\Source\shell_cmdhelp.o
LOAD framework\Shell\Source\shell_cmdhist.o
LOAD framework\TimersManager\Source\TMR_Adapter.o
LOAD framework\TimersManager\Source\TimersManager.o
LOAD mbedtls\port\des_alt.o
LOAD mbedtls\port\ksdk_mbedtls.o
LOAD mbedtls\source\aes.o
LOAD mbedtls\source\aesni.o
LOAD mbedtls\source\arc4.o
LOAD mbedtls\source\asn1parse.o
LOAD mbedtls\source\asn1write.o
LOAD mbedtls\source\base64.o
LOAD mbedtls\source\bignum.o
LOAD mbedtls\source\blowfish.o
LOAD mbedtls\source\camellia.o
LOAD mbedtls\source\ccm.o
LOAD mbedtls\source\certs.o
LOAD mbedtls\source\cipher.o
LOAD mbedtls\source\cipher_wrap.o
LOAD mbedtls\source\cmac.o
LOAD mbedtls\source\ctr_drbg.o
LOAD mbedtls\source\debug.o
LOAD mbedtls\source\des.o
LOAD mbedtls\source\dhm.o
LOAD mbedtls\source\ecdh.o
LOAD mbedtls\source\ecdsa.o
LOAD mbedtls\source\ecjpake.o
LOAD mbedtls\source\ecp.o
LOAD mbedtls\source\ecp_curves.o
LOAD mbedtls\source\entropy.o
LOAD mbedtls\source\entropy_poll.o
LOAD mbedtls\source\error.o
LOAD mbedtls\source\gcm.o
LOAD mbedtls\source\havege.o
LOAD mbedtls\source\hmac_drbg.o
LOAD mbedtls\source\md.o
LOAD mbedtls\source\md2.o
LOAD mbedtls\source\md4.o
LOAD mbedtls\source\md5.o
LOAD mbedtls\source\md_wrap.o
LOAD mbedtls\source\memory_buffer_alloc.o
LOAD mbedtls\source\net_sockets.o
LOAD mbedtls\source\oid.o
LOAD mbedtls\source\padlock.o
LOAD mbedtls\source\pem.o
LOAD mbedtls\source\pk.o
LOAD mbedtls\source\pk_wrap.o
LOAD mbedtls\source\pkcs11.o
LOAD mbedtls\source\pkcs12.o
LOAD mbedtls\source\pkcs5.o
LOAD mbedtls\source\pkparse.o
LOAD mbedtls\source\pkwrite.o
LOAD mbedtls\source\platform.o
LOAD mbedtls\source\ripemd160.o
LOAD mbedtls\source\rsa.o
LOAD mbedtls\source\sha1.o
LOAD mbedtls\source\sha256.o
LOAD mbedtls\source\sha512.o
LOAD mbedtls\source\ssl_cache.o
LOAD mbedtls\source\ssl_ciphersuites.o
LOAD mbedtls\source\ssl_cli.o
LOAD mbedtls\source\ssl_cookie.o
LOAD mbedtls\source\ssl_srv.o
LOAD mbedtls\source\ssl_ticket.o
LOAD mbedtls\source\ssl_tls.o
LOAD mbedtls\source\threading.o
LOAD mbedtls\source\timing.o
LOAD mbedtls\source\version.o
LOAD mbedtls\source\version_features.o
LOAD mbedtls\source\x509.o
LOAD mbedtls\source\x509_create.o
LOAD mbedtls\source\x509_crl.o
LOAD mbedtls\source\x509_crt.o
LOAD mbedtls\source\x509_csr.o
LOAD mbedtls\source\x509write_crt.o
LOAD mbedtls\source\x509write_csr.o
LOAD mbedtls\source\xtea.o
LOAD mcmgr\mcmgr.o
LOAD mcmgr\mcmgr_internal_core_api_rv32m1.o
LOAD mcmgr\mcmgr_mu_internal.o
LOAD rpmsg_lite\llist.o
LOAD rpmsg_lite\porting\rpmsg_platform.o
LOAD rpmsg_lite\rpmsg_lite\env\bm\rpmsg_env_bm.o
LOAD rpmsg_lite\rpmsg_lite.o
LOAD rpmsg_lite\rpmsg_ns.o
LOAD rpmsg_lite\virtqueue.o
LOAD sources\app_config.o
LOAD sources\common\ApplMain.o
LOAD sources\common\ble_conn_manager.o
LOAD sources\common\ble_controller_task.o
LOAD sources\common\ble_host_tasks.o
LOAD sources\common\ble_init.o
LOAD sources\common\ble_service_discovery.o
LOAD sources\common\gatt_db\gatt_database.o
LOAD sources\heart_rate_sensor.o
LOAD startup\startup_RV32M1_ri5cy.o
LOAD startup\system_RV32M1_ri5cy.o
LOAD utilities\fsl_debug_console.o
LOAD utilities\fsl_io.o
LOAD utilities\fsl_log.o
LOAD utilities\fsl_str.o
LOAD ..\..\..\..\..\..\..\..\..\middleware\wireless\bluetooth_1.4.0\host\lib\lib_ble_5-0_host_ri5cy.a
LOAD c:/vega/toolchain_windows/riscv32-unknown-elf-gcc/bin/../lib/gcc/riscv32-unknown-elf/7.1.1/../../../../riscv32-unknown-elf/lib/rv32imcxpulpv2/ilp32\libm.a
LOAD c:/vega/toolchain_windows/riscv32-unknown-elf-gcc/bin/../lib/gcc/riscv32-unknown-elf/7.1.1/../../../../riscv32-unknown-elf/lib/rv32imcxpulpv2/ilp32\libg.a
LOAD c:/vega/toolchain_windows/riscv32-unknown-elf-gcc/bin/../lib/gcc/riscv32-unknown-elf/7.1.1/rv32imcxpulpv2/ilp32\libgcc.a
LOAD c:/vega/toolchain_windows/riscv32-unknown-elf-gcc/bin/../lib/gcc/riscv32-unknown-elf/7.1.1/../../../../riscv32-unknown-elf/lib/rv32imcxpulpv2/ilp32\libnosys.a
END GROUP
                0x0000000000000400                HEAP_SIZE = DEFINED (__heap_size__)?__heap_size__:0x400
                0x0000000000002000                STACK_SIZE = DEFINED (__stack_size__)?__stack_size__:0x2000

.noinit_rpmsg_sh_mem
                0x000000002002e800     0x1800
 *(.noinit.$rpmsg_sh_mem*)
 .noinit.$rpmsg_sh_mem
                0x000000002002e800     0x1800 bluetooth\hci_transport\source\hcit_rpmsg_lite_interface.o
                0x000000002002e800                rpmsg_lite_base
                0x0000000020030000                . = ALIGN (0x4)

.vectors        0x00000000000fff00       0x90
                0x00000000000fff00                __VECTOR_TABLE = .
 *(.vectors)
 .vectors       0x00000000000fff00       0x90 startup\startup_RV32M1_ri5cy.o

.text           0x0000000000000000    0x21ef0
                0x0000000000000000                . = ALIGN (0x4)
 *(.startup)
 .startup       0x0000000000000000      0x192 startup\startup_RV32M1_ri5cy.o
                0x0000000000000026                _fini
                0x0000000000000026                _init
                0x0000000000000122                IRQ_Handler
                0x000000000000013e                IllegalInstruction_Handler
                0x0000000000000156                Ecall_Handler
                0x000000000000016e                LSU_Handler
                0x0000000000000186                IllegalInstruction_HandlerFunc
                0x000000000000018a                Ecall_HandlerFunc
                0x000000000000018e                LSU_HandlerFunc
                0x0000000000000194                . = ALIGN (0x4)
 *fill*         0x0000000000000192        0x2 
                0x0000000000000194                __user_vector = .
 *(user_vectors)
 user_vectors   0x0000000000000194       0xfc startup\system_RV32M1_ri5cy.o
                0x0000000000000194                isrTable
 *(.text)
 .text          0x0000000000000290       0x68 c:/vega/toolchain_windows/riscv32-unknown-elf-gcc/bin/../lib/gcc/riscv32-unknown-elf/7.1.1/../../../../riscv32-unknown-elf/lib/rv32imcxpulpv2/ilp32\libg.a(lib_a-init.o)
                0x0000000000000290                __libc_init_array
 .text          0x00000000000002f8       0x1c c:/vega/toolchain_windows/riscv32-unknown-elf-gcc/bin/../lib/gcc/riscv32-unknown-elf/7.1.1/../../../../riscv32-unknown-elf/lib/rv32imcxpulpv2/ilp32\libg.a(lib_a-memcmp.o)
                0x00000000000002f8                memcmp
 .text          0x0000000000000314       0xb6 c:/vega/toolchain_windows/riscv32-unknown-elf-gcc/bin/../lib/gcc/riscv32-unknown-elf/7.1.1/../../../../riscv32-unknown-elf/lib/rv32imcxpulpv2/ilp32\libg.a(lib_a-memcpy.o)
                0x0000000000000314                memcpy
 .text          0x00000000000003ca       0xa8 c:/vega/toolchain_windows/riscv32-unknown-elf-gcc/bin/../lib/gcc/riscv32-unknown-elf/7.1.1/../../../../riscv32-unknown-elf/lib/rv32imcxpulpv2/ilp32\libg.a(lib_a-memset.o)
                0x00000000000003ca                memset
 .text          0x0000000000000472       0x10 c:/vega/toolchain_windows/riscv32-unknown-elf-gcc/bin/../lib/gcc/riscv32-unknown-elf/7.1.1/../../../../riscv32-unknown-elf/lib/rv32imcxpulpv2/ilp32\libg.a(lib_a-strlen.o)
                0x0000000000000472                strlen
 .text          0x0000000000000482       0x2c c:/vega/toolchain_windows/riscv32-unknown-elf-gcc/bin/../lib/gcc/riscv32-unknown-elf/7.1.1/../../../../riscv32-unknown-elf/lib/rv32imcxpulpv2/ilp32\libg.a(lib_a-strncpy.o)
                0x0000000000000482                strncpy
 .text          0x00000000000004ae       0x2a c:/vega/toolchain_windows/riscv32-unknown-elf-gcc/bin/../lib/gcc/riscv32-unknown-elf/7.1.1/rv32imcxpulpv2/ilp32\libgcc.a(_lshrdi3.o)
                0x00000000000004ae                __lshrdi3
 .text          0x00000000000004d8       0x24 c:/vega/toolchain_windows/riscv32-unknown-elf-gcc/bin/../lib/gcc/riscv32-unknown-elf/7.1.1/rv32imcxpulpv2/ilp32\libgcc.a(_bswapsi2.o)
                0x00000000000004d8                __bswapsi2
 .text          0x00000000000004fc      0x338 c:/vega/toolchain_windows/riscv32-unknown-elf-gcc/bin/../lib/gcc/riscv32-unknown-elf/7.1.1/rv32imcxpulpv2/ilp32\libgcc.a(_udivdi3.o)
                0x00000000000004fc                __udivdi3
 *(.text*)
 .text.RPMsgRemoteReadyEventHandler
                0x0000000000000834        0x6 bluetooth\hci_transport\source\hcit_rpmsg_lite_interface.o
 .text.my_ept_read_cb
                0x000000000000083a      0x19a bluetooth\hci_transport\source\hcit_rpmsg_lite_interface.o
 .text.Hcit_Init
                0x00000000000009d4       0xcc bluetooth\hci_transport\source\hcit_rpmsg_lite_interface.o
                0x00000000000009d4                Hcit_Init
 .text.Hcit_SendPacket
                0x0000000000000aa0       0x76 bluetooth\hci_transport\source\hcit_rpmsg_lite_interface.o
                0x0000000000000aa0                Hcit_SendPacket
 .text.Ble_CheckMemoryStorage
                0x0000000000000b16       0x26 bluetooth\host\config\ble_globals.o
                0x0000000000000b16                Ble_CheckMemoryStorage
 .text.Bas_Subscribe
                0x0000000000000b3c       0x18 bluetooth\profiles\battery\battery_service.o
                0x0000000000000b3c                Bas_Subscribe
 .text.Bas_Unsubscribe
                0x0000000000000b54       0x16 bluetooth\profiles\battery\battery_service.o
                0x0000000000000b54                Bas_Unsubscribe
 .text.Bas_RecordBatteryMeasurement
                0x0000000000000b6a       0xc2 bluetooth\profiles\battery\battery_service.o
                0x0000000000000b6a                Bas_RecordBatteryMeasurement
 .text.Bas_Start
                0x0000000000000c2c       0x2c bluetooth\profiles\battery\battery_service.o
                0x0000000000000c2c                Bas_Start
 .text.Hrs_Start
                0x0000000000000c58       0xf6 bluetooth\profiles\heart_rate\heart_rate_service.o
                0x0000000000000c58                Hrs_Start
 .text.Hrs_Subscribe
                0x0000000000000d4e        0xc bluetooth\profiles\heart_rate\heart_rate_service.o
                0x0000000000000d4e                Hrs_Subscribe
 .text.Hrs_Unsubscribe
                0x0000000000000d5a        0xe bluetooth\profiles\heart_rate\heart_rate_service.o
                0x0000000000000d5a                Hrs_Unsubscribe
 .text.Hrs_RecordHeartRateMeasurement
                0x0000000000000d68      0x1d0 bluetooth\profiles\heart_rate\heart_rate_service.o
                0x0000000000000d68                Hrs_RecordHeartRateMeasurement
 .text.Hrs_SetContactStatus
                0x0000000000000f38       0x86 bluetooth\profiles\heart_rate\heart_rate_service.o
                0x0000000000000f38                Hrs_SetContactStatus
 .text.Hrs_RecordRRInterval
                0x0000000000000fbe       0x34 bluetooth\profiles\heart_rate\heart_rate_service.o
                0x0000000000000fbe                Hrs_RecordRRInterval
 .text.Hrs_AddExpendedEnergy
                0x0000000000000ff2       0x1e bluetooth\profiles\heart_rate\heart_rate_service.o
                0x0000000000000ff2                Hrs_AddExpendedEnergy
 .text.Hrs_ControlPointHandler
                0x0000000000001010       0x12 bluetooth\profiles\heart_rate\heart_rate_service.o
                0x0000000000001010                Hrs_ControlPointHandler
 .text.BOARD_InitDebugConsole
                0x0000000000001022       0x40 board\board.o
                0x0000000000001022                BOARD_InitDebugConsole
 .text.BOARD_GetMCUUid
                0x0000000000001062       0x32 board\board.o
                0x0000000000001062                BOARD_GetMCUUid
 .text.Board_RemoteCoreUpEventHandler
                0x0000000000001094       0x1e board\board.o
                0x0000000000001094                Board_RemoteCoreUpEventHandler
 .text.Board_RemoteApplicationEventHandler
                0x00000000000010b2        0xc board\board.o
                0x00000000000010b2                Board_RemoteApplicationEventHandler
 .text.Board_StartSecondaryCoreApp
                0x00000000000010be       0x48 board\board.o
                0x00000000000010be                Board_StartSecondaryCoreApp
 .text.BOARD_InitAdc
                0x0000000000001106        0x2 board\board.o
                0x0000000000001106                BOARD_InitAdc
 .text.BOARD_DCDCInit
                0x0000000000001108        0x2 board\board.o
                0x0000000000001108                BOARD_DCDCInit
 .text.Say_Hello
                0x000000000000110a        0xc board\board.o
                0x000000000000110a                Say_Hello
 .text.Counter  0x0000000000001116       0x1c board\board.o
                0x0000000000001116                Counter
 .text.ReturnCounter
                0x0000000000001132        0xa board\board.o
                0x0000000000001132                ReturnCounter
 .text.BOARD_BootClockRUN
                0x000000000000113c       0xdc board\clock_config.o
                0x000000000000113c                BOARD_BootClockRUN
 .text.BOARD_InitHardware
                0x0000000000001218        0x2 board\hardware_init.o
                0x0000000000001218                BOARD_InitHardware
 .text.hardware_init
                0x000000000000121a       0xde board\hardware_init.o
                0x000000000000121a                hardware_init
 .text.BOARD_GetBatteryLevel
                0x00000000000012f8        0x6 board\hardware_init.o
                0x00000000000012f8                BOARD_GetBatteryLevel
 .text.BOARD_GetTpmClock
                0x00000000000012fe       0x42 board\hardware_init.o
                0x00000000000012fe                BOARD_GetTpmClock
 .text.BOARD_InitButtons
                0x0000000000001340       0x5a board\pin_mux.o
                0x0000000000001340                BOARD_InitButtons
 .text.BOARD_InitLEDs
                0x000000000000139a       0x54 board\pin_mux.o
                0x000000000000139a                BOARD_InitLEDs
 .text.BOARD_InitLPUART
                0x00000000000013ee       0x42 board\pin_mux.o
                0x00000000000013ee                BOARD_InitLPUART
 .text.BOARD_InitPins_ri5cy
                0x0000000000001430       0x4c board\pin_mux.o
                0x0000000000001430                BOARD_InitPins_ri5cy
 .text.cau3_pkha_write_word
                0x000000000000147c       0x54 drivers\fsl_cau3.o
 .text.cau3_pkha_init_mode
                0x00000000000014d0       0xb8 drivers\fsl_cau3.o
 .text.cau3_pkha_write_reg
                0x0000000000001588       0xa4 drivers\fsl_cau3.o
 .text.cau3_pkha_init_data
                0x000000000000162c      0x136 drivers\fsl_cau3.o
 .text.cau3_process_task_completion
                0x0000000000001762       0x64 drivers\fsl_cau3.o
 .text.CAU3_Sha1Update
                0x00000000000017c6       0x2c drivers\fsl_cau3.o
 .text.CAU3_Sha256Update
                0x00000000000017f2       0x2c drivers\fsl_cau3.o
                0x00000000000017f2                CAU3_Sha256Update
 .text.cau3_hash_engine_init
                0x000000000000181e       0x86 drivers\fsl_cau3.o
 .text.cau3_clear_all.part.7
                0x00000000000018a4       0x38 drivers\fsl_cau3.o
 .text.cau3_pkha_read_reg.constprop.10
                0x00000000000018dc       0x5c drivers\fsl_cau3.o
 .text.CAU3_AES_Encrypt
                0x0000000000001938       0x30 drivers\fsl_cau3.o
                0x0000000000001938                CAU3_AES_Encrypt
 .text.CAU3_AES_Decrypt
                0x0000000000001968       0x30 drivers\fsl_cau3.o
                0x0000000000001968                CAU3_AES_Decrypt
 .text.CAU3_Init
                0x0000000000001998      0x130 drivers\fsl_cau3.o
                0x0000000000001998                CAU3_Init
 .text.CAU3_AES_SetKey
                0x0000000000001ac8       0x9c drivers\fsl_cau3.o
                0x0000000000001ac8                CAU3_AES_SetKey
 .text.CAU3_AES_Cmac
                0x0000000000001b64       0x40 drivers\fsl_cau3.o
                0x0000000000001b64                CAU3_AES_Cmac
 .text.CAU3_HASH_Init
                0x0000000000001ba4       0x26 drivers\fsl_cau3.o
                0x0000000000001ba4                CAU3_HASH_Init
 .text.CAU3_HASH_Update
                0x0000000000001bca      0x11c drivers\fsl_cau3.o
                0x0000000000001bca                CAU3_HASH_Update
 .text.CAU3_HASH_Finish
                0x0000000000001ce6      0x17e drivers\fsl_cau3.o
                0x0000000000001ce6                CAU3_HASH_Finish
 .text.CAU3_PKHA_CompareBigNum
                0x0000000000001e64       0xde drivers\fsl_cau3.o
                0x0000000000001e64                CAU3_PKHA_CompareBigNum
 .text.cau3_pkha_modmul
                0x0000000000001f42       0xdc drivers\fsl_cau3.o
 .text.CAU3_PKHA_ModAdd
                0x000000000000201e       0xde drivers\fsl_cau3.o
                0x000000000000201e                CAU3_PKHA_ModAdd
 .text.CAU3_PKHA_ModSub1
                0x00000000000020fc       0xd6 drivers\fsl_cau3.o
                0x00000000000020fc                CAU3_PKHA_ModSub1
 .text.CAU3_PKHA_ModMul
                0x00000000000021d2       0x44 drivers\fsl_cau3.o
                0x00000000000021d2                CAU3_PKHA_ModMul
 .text.CAU3_PKHA_ModRed
                0x0000000000002216       0x92 drivers\fsl_cau3.o
                0x0000000000002216                CAU3_PKHA_ModRed
 .text.CAU3_PKHA_ECC_PointMul
                0x00000000000022a8      0x17c drivers\fsl_cau3.o
                0x00000000000022a8                CAU3_PKHA_ECC_PointMul
 .text.CLOCK_GetSysOscAsyncFreq
                0x0000000000002424       0x56 drivers\fsl_clock.o
                0x0000000000002424                CLOCK_GetSysOscAsyncFreq
 .text.CLOCK_InitSirc
                0x000000000000247a       0x7a drivers\fsl_clock.o
                0x000000000000247a                CLOCK_InitSirc
 .text.CLOCK_GetSircAsyncFreq
                0x00000000000024f4       0x66 drivers\fsl_clock.o
                0x00000000000024f4                CLOCK_GetSircAsyncFreq
 .text.CLOCK_InitFirc
                0x000000000000255a       0xe4 drivers\fsl_clock.o
                0x000000000000255a                CLOCK_InitFirc
 .text.CLOCK_GetFircAsyncFreq
                0x000000000000263e       0x66 drivers\fsl_clock.o
                0x000000000000263e                CLOCK_GetFircAsyncFreq
 .text.CLOCK_InitLpFll
                0x00000000000026a4      0x106 drivers\fsl_clock.o
                0x00000000000026a4                CLOCK_InitLpFll
 .text.CLOCK_GetLpFllAsyncFreq
                0x00000000000027aa       0x56 drivers\fsl_clock.o
                0x00000000000027aa                CLOCK_GetLpFllAsyncFreq
 .text.CLOCK_GetIpFreq
                0x0000000000002800       0x9e drivers\fsl_clock.o
                0x0000000000002800                CLOCK_GetIpFreq
 .text.GPIO_PinInit
                0x000000000000289e       0x32 drivers\fsl_gpio.o
                0x000000000000289e                GPIO_PinInit
 .text.INTMUX_Init
                0x00000000000028d0       0x74 drivers\fsl_intmux.o
                0x00000000000028d0                INTMUX_Init
 .text.INTMUX0_0_DriverIRQHandler
                0x0000000000002944       0x20 drivers\fsl_intmux.o
                0x0000000000002944                INTMUX0_0_DriverIRQHandler
 .text.INTMUX0_1_DriverIRQHandler
                0x0000000000002964       0x20 drivers\fsl_intmux.o
                0x0000000000002964                INTMUX0_1_DriverIRQHandler
 .text.INTMUX0_2_DriverIRQHandler
                0x0000000000002984       0x22 drivers\fsl_intmux.o
                0x0000000000002984                INTMUX0_2_DriverIRQHandler
 .text.INTMUX0_3_DriverIRQHandler
                0x00000000000029a6       0x22 drivers\fsl_intmux.o
                0x00000000000029a6                INTMUX0_3_DriverIRQHandler
 .text.INTMUX0_4_DriverIRQHandler
                0x00000000000029c8       0x22 drivers\fsl_intmux.o
                0x00000000000029c8                INTMUX0_4_DriverIRQHandler
 .text.INTMUX0_5_DriverIRQHandler
                0x00000000000029ea       0x22 drivers\fsl_intmux.o
                0x00000000000029ea                INTMUX0_5_DriverIRQHandler
 .text.INTMUX0_6_DriverIRQHandler
                0x0000000000002a0c       0x22 drivers\fsl_intmux.o
                0x0000000000002a0c                INTMUX0_6_DriverIRQHandler
 .text.INTMUX0_7_DriverIRQHandler
                0x0000000000002a2e       0x22 drivers\fsl_intmux.o
                0x0000000000002a2e                INTMUX0_7_DriverIRQHandler
 .text.LPUART_Init
                0x0000000000002a50      0x1ee drivers\fsl_lpuart.o
                0x0000000000002a50                LPUART_Init
 .text.LPUART_GetDefaultConfig
                0x0000000000002c3e       0x42 drivers\fsl_lpuart.o
                0x0000000000002c3e                LPUART_GetDefaultConfig
 .text.LPUART_EnableInterrupts
                0x0000000000002c80       0x28 drivers\fsl_lpuart.o
                0x0000000000002c80                LPUART_EnableInterrupts
 .text.LPUART_DisableInterrupts
                0x0000000000002ca8       0x34 drivers\fsl_lpuart.o
                0x0000000000002ca8                LPUART_DisableInterrupts
 .text.LPUART_GetEnabledInterrupts
                0x0000000000002cdc       0x20 drivers\fsl_lpuart.o
                0x0000000000002cdc                LPUART_GetEnabledInterrupts
 .text.LPUART_GetStatusFlags
                0x0000000000002cfc       0x10 drivers\fsl_lpuart.o
                0x0000000000002cfc                LPUART_GetStatusFlags
 .text.LPUART_ClearStatusFlags
                0x0000000000002d0c       0x54 drivers\fsl_lpuart.o
                0x0000000000002d0c                LPUART_ClearStatusFlags
 .text.LPUART_WriteBlocking
                0x0000000000002d60       0x18 drivers\fsl_lpuart.o
                0x0000000000002d60                LPUART_WriteBlocking
 .text.LPUART_ReadBlocking
                0x0000000000002d78       0xfa drivers\fsl_lpuart.o
                0x0000000000002d78                LPUART_ReadBlocking
 .text.MU_Init  0x0000000000002e72       0x12 drivers\fsl_mu.o
                0x0000000000002e72                MU_Init
 .text.MU_SendMsg
                0x0000000000002e84       0x18 drivers\fsl_mu.o
                0x0000000000002e84                MU_SendMsg
 .text.MU_BootCoreB
                0x0000000000002e9c       0x20 drivers\fsl_mu.o
                0x0000000000002e9c                MU_BootCoreB
 .text.MU_HardwareResetOtherCore
                0x0000000000002ebc       0x42 drivers\fsl_mu.o
                0x0000000000002ebc                MU_HardwareResetOtherCore
 .text.TPM_Init
                0x0000000000002efe       0xe4 drivers\fsl_tpm.o
                0x0000000000002efe                TPM_Init
 .text.TPM_SetupOutputCompare
                0x0000000000002fe2       0x38 drivers\fsl_tpm.o
                0x0000000000002fe2                TPM_SetupOutputCompare
 .text.TPM_EnableInterrupts
                0x000000000000301a       0x36 drivers\fsl_tpm.o
                0x000000000000301a                TPM_EnableInterrupts
 .text.trng_SetStatisticalCheckLimit
                0x0000000000003050      0x17e drivers\fsl_trng.o
 .text.TRNG_GetDefaultConfig
                0x00000000000031ce       0xa8 drivers\fsl_trng.o
                0x00000000000031ce                TRNG_GetDefaultConfig
 .text.TRNG_Init
                0x0000000000003276      0x18a drivers\fsl_trng.o
                0x0000000000003276                TRNG_Init
 .text.TRNG_GetRandomData
                0x0000000000003400       0xc2 drivers\fsl_trng.o
                0x0000000000003400                TRNG_GetRandomData
 .text.FLib_MemCpy
                0x00000000000034c2        0x4 framework\FunctionLib\FunctionLib.o
                0x00000000000034c2                FLib_MemCpy
 .text.FLib_MemCpyReverseOrder
                0x00000000000034c6       0x16 framework\FunctionLib\FunctionLib.o
                0x00000000000034c6                FLib_MemCpyReverseOrder
 .text.FLib_MemCmp
                0x00000000000034dc       0x12 framework\FunctionLib\FunctionLib.o
                0x00000000000034dc                FLib_MemCmp
 .text.FLib_MemCmpToVal
                0x00000000000034ee       0x28 framework\FunctionLib\FunctionLib.o
                0x00000000000034ee                FLib_MemCmpToVal
 .text.FLib_MemSet
                0x0000000000003516        0x4 framework\FunctionLib\FunctionLib.o
                0x0000000000003516                FLib_MemSet
 .text.GpioClearPinIntFlag
                0x000000000000351a       0x24 framework\GPIO\Source\GPIO_Adapter.o
                0x000000000000351a                GpioClearPinIntFlag
 .text.GpioIsPinIntPending
                0x000000000000353e       0x26 framework\GPIO\Source\GPIO_Adapter.o
                0x000000000000353e                GpioIsPinIntPending
 .text.GpioSetPinOutput
                0x0000000000003564       0x22 framework\GPIO\Source\GPIO_Adapter.o
                0x0000000000003564                GpioSetPinOutput
 .text.GpioClearPinOutput
                0x0000000000003586       0x22 framework\GPIO\Source\GPIO_Adapter.o
                0x0000000000003586                GpioClearPinOutput
 .text.GpioTogglePinOutput
                0x00000000000035a8       0x22 framework\GPIO\Source\GPIO_Adapter.o
                0x00000000000035a8                GpioTogglePinOutput
 .text.GpioReadPinInput
                0x00000000000035ca       0x24 framework\GPIO\Source\GPIO_Adapter.o
                0x00000000000035ca                GpioReadPinInput
 .text.GpioInputPinInit
                0x00000000000035ee      0x11a framework\GPIO\Source\GPIO_Adapter.o
                0x00000000000035ee                GpioInputPinInit
 .text.GpioOutputPinInit
                0x0000000000003708       0xf0 framework\GPIO\Source\GPIO_Adapter.o
                0x0000000000003708                GpioOutputPinInit
 .text.GpioInstallIsr
                0x00000000000037f8      0x1d4 framework\GPIO\Source\GPIO_Adapter.o
                0x00000000000037f8                GpioInstallIsr
 .text.Gpio_IsrHandle
                0x00000000000039cc       0x5a framework\GPIO\Source\GPIO_Adapter.o
                0x00000000000039cc                Gpio_IsrHandle
 .text.PORTA_IRQHandler
                0x0000000000003a26        0x4 framework\GPIO\Source\GPIO_Adapter.o
                0x0000000000003a26                PORTA_IRQHandler
 .text.PORTB_IRQHandler
                0x0000000000003a2a        0x6 framework\GPIO\Source\GPIO_Adapter.o
                0x0000000000003a2a                PORTB_IRQHandler
 .text.PORTC_IRQHandler
                0x0000000000003a30        0x6 framework\GPIO\Source\GPIO_Adapter.o
                0x0000000000003a30                PORTC_IRQHandler
 .text.PORTD_IRQHandler
                0x0000000000003a36        0x6 framework\GPIO\Source\GPIO_Adapter.o
                0x0000000000003a36                PORTD_IRQHandler
 .text.PORTE_IRQHandler
                0x0000000000003a3c        0x6 framework\GPIO\Source\GPIO_Adapter.o
                0x0000000000003a3c                PORTE_IRQHandler
 .text.KeyScan  0x0000000000003a42      0x1a2 framework\Keyboard\Source\Keyboard.o
 .text.Switch_Press_ISR
                0x0000000000003be4       0x70 framework\Keyboard\Source\Keyboard.o
                0x0000000000003be4                Switch_Press_ISR
 .text.KBD_Init
                0x0000000000003c54       0xba framework\Keyboard\Source\Keyboard.o
                0x0000000000003c54                KBD_Init
 .text.LED_GpioSet
                0x0000000000003d0e       0x1a framework\LED\Source\LED.o
 .text.LED_Init
                0x0000000000003d28       0x28 framework\LED\Source\LED.o
                0x0000000000003d28                LED_Init
 .text.LED_Operate
                0x0000000000003d50       0x68 framework\LED\Source\LED.o
                0x0000000000003d50                LED_Operate
 .text.LED_FlashTimeout
                0x0000000000003db8       0xa6 framework\LED\Source\LED.o
 .text.LED_StopSerialFlash.part.3
                0x0000000000003e5e       0x36 framework\LED\Source\LED.o
 .text.LED_StopFlash
                0x0000000000003e94       0x3e framework\LED\Source\LED.o
                0x0000000000003e94                LED_StopFlash
 .text.LED_StartFlashWithPeriod
                0x0000000000003ed2       0x54 framework\LED\Source\LED.o
                0x0000000000003ed2                LED_StartFlashWithPeriod
 .text.LED_StartBlip
                0x0000000000003f26       0x28 framework\LED\Source\LED.o
                0x0000000000003f26                LED_StartBlip
 .text.LED_SetLed
                0x0000000000003f4e       0xd8 framework\LED\Source\LED.o
                0x0000000000003f4e                LED_SetLed
 .text.LED_StopFlashingAllLeds
                0x0000000000004026        0x6 framework\LED\Source\LED.o
                0x0000000000004026                LED_StopFlashingAllLeds
 .text.ListInit
                0x000000000000402c       0x12 framework\Lists\GenericList.o
                0x000000000000402c                ListInit
 .text.ListAddTail
                0x000000000000403e       0x4a framework\Lists\GenericList.o
                0x000000000000403e                ListAddTail
 .text.ListAddHead
                0x0000000000004088       0x4a framework\Lists\GenericList.o
                0x0000000000004088                ListAddHead
 .text.ListRemoveHead
                0x00000000000040d2       0x52 framework\Lists\GenericList.o
                0x00000000000040d2                ListRemoveHead
 .text.MEM_BufferFree.part.0
                0x0000000000004124       0x7c framework\MemManager\Source\MemManager.o
 .text.MEM_Init
                0x00000000000041a0       0xca framework\MemManager\Source\MemManager.o
                0x00000000000041a0                MEM_Init
 .text.MEM_BufferAllocWithId
                0x000000000000426a       0x88 framework\MemManager\Source\MemManager.o
                0x000000000000426a                MEM_BufferAllocWithId
 .text.MEM_BufferFree
                0x00000000000042f2       0x24 framework\MemManager\Source\MemManager.o
                0x00000000000042f2                MEM_BufferFree
 .text.MEM_CallocAlt
                0x0000000000004316       0x2e framework\MemManager\Source\MemManager.o
                0x0000000000004316                MEM_CallocAlt
 .text.MEM_FreeAlt
                0x0000000000004344        0x2 framework\MemManager\Source\MemManager.o
                0x0000000000004344                MEM_FreeAlt
 .text.ListAddTailMsg
                0x0000000000004346        0x4 framework\Messaging\Source\Messaging.o
                0x0000000000004346                ListAddTailMsg
 .text.ListAddHeadMsg
                0x000000000000434a        0x4 framework\Messaging\Source\Messaging.o
                0x000000000000434a                ListAddHeadMsg
 .text.ListRemoveHeadMsg
                0x000000000000434e       0x10 framework\Messaging\Source\Messaging.o
                0x000000000000434e                ListRemoveHeadMsg
 .text.OSA_TaskCreate
                0x000000000000435e       0xa0 framework\OSAbstraction\Source\fsl_os_abstraction_bm.o
                0x000000000000435e                OSA_TaskCreate
 .text.OSA_TimeInit
                0x00000000000043fe        0x2 framework\OSAbstraction\Source\fsl_os_abstraction_bm.o
                0x00000000000043fe                OSA_TimeInit
 .text.OSA_SemaphoreCreate
                0x0000000000004400       0x62 framework\OSAbstraction\Source\fsl_os_abstraction_bm.o
                0x0000000000004400                OSA_SemaphoreCreate
 .text.OSA_EventCreate
                0x0000000000004462       0x66 framework\OSAbstraction\Source\fsl_os_abstraction_bm.o
                0x0000000000004462                OSA_EventCreate
 .text.OSA_EventSet
                0x00000000000044c8       0x78 framework\OSAbstraction\Source\fsl_os_abstraction_bm.o
                0x00000000000044c8                OSA_EventSet
 .text.OSA_EventWait
                0x0000000000004540       0xb0 framework\OSAbstraction\Source\fsl_os_abstraction_bm.o
                0x0000000000004540                OSA_EventWait
 .text.OSA_InterruptEnable
                0x00000000000045f0       0x18 framework\OSAbstraction\Source\fsl_os_abstraction_bm.o
                0x00000000000045f0                OSA_InterruptEnable
 .text.OSA_InterruptDisable
                0x0000000000004608       0x14 framework\OSAbstraction\Source\fsl_os_abstraction_bm.o
                0x0000000000004608                OSA_InterruptDisable
 .text.OSA_Start
                0x000000000000461c       0x3e framework\OSAbstraction\Source\fsl_os_abstraction_bm.o
                0x000000000000461c                OSA_Start
 .text.startup.main
                0x000000000000465a       0x54 framework\OSAbstraction\Source\fsl_os_abstraction_bm.o
                0x000000000000465a                main
 .text.panic    0x00000000000046ae        0x2 framework\Panic\Source\Panic.o
                0x00000000000046ae                panic
 .text.RNG_entropy_func
                0x00000000000046b0       0x72 framework\RNG\Source\RNG_mbedTLS.o
 .text.RNG_Init
                0x0000000000004722       0x52 framework\RNG\Source\RNG_mbedTLS.o
                0x0000000000004722                RNG_Init
 .text.RNG_SetPseudoRandomNoSeed
                0x0000000000004774       0x80 framework\RNG\Source\RNG_mbedTLS.o
                0x0000000000004774                RNG_SetPseudoRandomNoSeed
 .text.RNG_GetPseudoRandomNo
                0x00000000000047f4       0x5c framework\RNG\Source\RNG_mbedTLS.o
                0x00000000000047f4                RNG_GetPseudoRandomNo
 .text.RNG_GetPrngFunc
                0x0000000000004850       0x1a framework\RNG\Source\RNG_mbedTLS.o
                0x0000000000004850                RNG_GetPrngFunc
 .text.RNG_GetPrngContext
                0x000000000000486a       0x1a framework\RNG\Source\RNG_mbedTLS.o
                0x000000000000486a                RNG_GetPrngContext
 .text.SecLib_InitHardwareConnectivity
                0x0000000000004884       0x98 framework\SecLib\SecLib_mbedTLS.o
                0x0000000000004884                SecLib_InitHardwareConnectivity
 .text.SecLib_Init
                0x000000000000491c        0x2 framework\SecLib\SecLib_mbedTLS.o
                0x000000000000491c                SecLib_Init
 .text.AES_128_Encrypt
                0x000000000000491e       0x50 framework\SecLib\SecLib_mbedTLS.o
                0x000000000000491e                AES_128_Encrypt
 .text.AES_128_CMAC
                0x000000000000496e       0x36 framework\SecLib\SecLib_mbedTLS.o
                0x000000000000496e                AES_128_CMAC
 .text.AES_128_CMAC_LsbFirstInput
                0x00000000000049a4       0x9c framework\SecLib\SecLib_mbedTLS.o
                0x00000000000049a4                AES_128_CMAC_LsbFirstInput
 .text.SecLib_XorN
                0x0000000000004a40       0x20 framework\SecLib\SecLib_mbedTLS.o
                0x0000000000004a40                SecLib_XorN
 .text.SHA256_Hash
                0x0000000000004a60        0x6 framework\SecLib\SecLib_mbedTLS.o
                0x0000000000004a60                SHA256_Hash
 .text.ECDH_P256_GenerateKeys
                0x0000000000004a66       0xfa framework\SecLib\SecLib_mbedTLS.o
                0x0000000000004a66                ECDH_P256_GenerateKeys
 .text.ECDH_P256_ComputeDhKey
                0x0000000000004b60      0x15c framework\SecLib\SecLib_mbedTLS.o
                0x0000000000004b60                ECDH_P256_ComputeDhKey
 .text.LPUART_Common_ISR
                0x0000000000004cbc      0x158 framework\SerialManager\Source\UART_Adapter.o
 .text.LPUART0_IRQHandler
                0x0000000000004e14        0x4 framework\SerialManager\Source\UART_Adapter.o
                0x0000000000004e14                LPUART0_IRQHandler
 .text.LPUART1_IRQHandler
                0x0000000000004e18        0x4 framework\SerialManager\Source\UART_Adapter.o
                0x0000000000004e18                LPUART1_IRQHandler
 .text.LPUART2_IRQHandler
                0x0000000000004e1c        0x4 framework\SerialManager\Source\UART_Adapter.o
                0x0000000000004e1c                LPUART2_IRQHandler
 .text.LPUART3_IRQHandler
                0x0000000000004e20        0x4 framework\SerialManager\Source\UART_Adapter.o
                0x0000000000004e20                LPUART3_IRQHandler
 .text.TPM0_IRQHandler
                0x0000000000004e24        0xa framework\TimersManager\Source\TMR_Adapter.o
                0x0000000000004e24                TPM0_IRQHandler
 .text.TPM1_IRQHandler
                0x0000000000004e2e        0xa framework\TimersManager\Source\TMR_Adapter.o
                0x0000000000004e2e                TPM1_IRQHandler
 .text.TPM2_IRQHandler
                0x0000000000004e38        0xa framework\TimersManager\Source\TMR_Adapter.o
                0x0000000000004e38                TPM2_IRQHandler
 .text.TPM3_IRQHandler
                0x0000000000004e42        0xa framework\TimersManager\Source\TMR_Adapter.o
                0x0000000000004e42                TPM3_IRQHandler
 .text.StackTimer_Init
                0x0000000000004e4c       0x74 framework\TimersManager\Source\TMR_Adapter.o
                0x0000000000004e4c                StackTimer_Init
 .text.StackTimer_Enable
                0x0000000000004ec0       0x12 framework\TimersManager\Source\TMR_Adapter.o
                0x0000000000004ec0                StackTimer_Enable
 .text.StackTimer_Disable
                0x0000000000004ed2       0x18 framework\TimersManager\Source\TMR_Adapter.o
                0x0000000000004ed2                StackTimer_Disable
 .text.StackTimer_GetInputFrequency
                0x0000000000004eea       0x12 framework\TimersManager\Source\TMR_Adapter.o
                0x0000000000004eea                StackTimer_GetInputFrequency
 .text.StackTimer_GetCounterValue
                0x0000000000004efc        0x8 framework\TimersManager\Source\TMR_Adapter.o
                0x0000000000004efc                StackTimer_GetCounterValue
 .text.StackTimer_SetOffsetTicks
                0x0000000000004f04        0xe framework\TimersManager\Source\TMR_Adapter.o
                0x0000000000004f04                StackTimer_SetOffsetTicks
 .text.StackTimer_ClearIntFlag
                0x0000000000004f12        0xa framework\TimersManager\Source\TMR_Adapter.o
                0x0000000000004f12                StackTimer_ClearIntFlag
 .text.StackTimer_ISR
                0x0000000000004f1c       0x18 framework\TimersManager\Source\TimersManager.o
                0x0000000000004f1c                StackTimer_ISR
 .text.TMR_StopTimer.part.1
                0x0000000000004f34       0xb8 framework\TimersManager\Source\TimersManager.o
 .text.TMR_Task
                0x0000000000004fec      0x224 framework\TimersManager\Source\TimersManager.o
                0x0000000000004fec                TMR_Task
 .text.TMR_NotifyClkChanged
                0x0000000000005210       0x56 framework\TimersManager\Source\TimersManager.o
                0x0000000000005210                TMR_NotifyClkChanged
 .text.TMR_Init
                0x0000000000005266       0x64 framework\TimersManager\Source\TimersManager.o
                0x0000000000005266                TMR_Init
 .text.TMR_AllocateTimer
                0x00000000000052ca       0x36 framework\TimersManager\Source\TimersManager.o
                0x00000000000052ca                TMR_AllocateTimer
 .text.TMR_FreeTimer
                0x0000000000005300       0x2e framework\TimersManager\Source\TimersManager.o
                0x0000000000005300                TMR_FreeTimer
 .text.TMR_IsTimerActive
                0x000000000000532e       0x18 framework\TimersManager\Source\TimersManager.o
                0x000000000000532e                TMR_IsTimerActive
 .text.TMR_IsTimerReady
                0x0000000000005346       0x1a framework\TimersManager\Source\TimersManager.o
                0x0000000000005346                TMR_IsTimerReady
 .text.TMR_StopTimer
                0x0000000000005360        0xe framework\TimersManager\Source\TimersManager.o
                0x0000000000005360                TMR_StopTimer
 .text.TMR_EnableTimer
                0x000000000000536e       0x82 framework\TimersManager\Source\TimersManager.o
                0x000000000000536e                TMR_EnableTimer
 .text.TMR_StartTimer
                0x00000000000053f0       0xb6 framework\TimersManager\Source\TimersManager.o
                0x00000000000053f0                TMR_StartTimer
 .text.TMR_StartLowPowerTimer
                0x00000000000054a6        0x6 framework\TimersManager\Source\TimersManager.o
                0x00000000000054a6                TMR_StartLowPowerTimer
 .text.TMR_StartIntervalTimer
                0x00000000000054ac        0xa framework\TimersManager\Source\TimersManager.o
                0x00000000000054ac                TMR_StartIntervalTimer
 .text.get_and_extend_mbedtls_mpi.constprop.1
                0x00000000000054b6       0x78 mbedtls\port\ksdk_mbedtls.o
 .text.mbedtls_aes_setkey_enc
                0x000000000000552e       0x90 mbedtls\port\ksdk_mbedtls.o
                0x000000000000552e                mbedtls_aes_setkey_enc
 .text.mbedtls_aes_setkey_dec
                0x00000000000055be        0x2 mbedtls\port\ksdk_mbedtls.o
                0x00000000000055be                mbedtls_aes_setkey_dec
 .text.mbedtls_aes_encrypt
                0x00000000000055c0       0x78 mbedtls\port\ksdk_mbedtls.o
                0x00000000000055c0                mbedtls_aes_encrypt
 .text.mbedtls_aes_decrypt
                0x0000000000005638       0x78 mbedtls\port\ksdk_mbedtls.o
                0x0000000000005638                mbedtls_aes_decrypt
 .text.mbedtls_cipher_cmac
                0x00000000000056b0       0xd0 mbedtls\port\ksdk_mbedtls.o
                0x00000000000056b0                mbedtls_cipher_cmac
 .text.mbedtls_mpi_add_abs
                0x0000000000005780      0x13c mbedtls\port\ksdk_mbedtls.o
                0x0000000000005780                mbedtls_mpi_add_abs
 .text.mbedtls_mpi_sub_abs
                0x00000000000058bc      0x13a mbedtls\port\ksdk_mbedtls.o
                0x00000000000058bc                mbedtls_mpi_sub_abs
 .text.mbedtls_mpi_mul_mpi
                0x00000000000059f6      0x154 mbedtls\port\ksdk_mbedtls.o
                0x00000000000059f6                mbedtls_mpi_mul_mpi
 .text.mbedtls_mpi_mod_mpi
                0x0000000000005b4a      0x166 mbedtls\port\ksdk_mbedtls.o
                0x0000000000005b4a                mbedtls_mpi_mod_mpi
 .text.ecp_mul_comb
                0x0000000000005cb0      0x224 mbedtls\port\ksdk_mbedtls.o
                0x0000000000005cb0                ecp_mul_comb
 .text.mbedtls_sha256_init
                0x0000000000005ed4        0xa mbedtls\port\ksdk_mbedtls.o
                0x0000000000005ed4                mbedtls_sha256_init
 .text.mbedtls_sha256_free
                0x0000000000005ede        0xe mbedtls\port\ksdk_mbedtls.o
                0x0000000000005ede                mbedtls_sha256_free
 .text.mbedtls_sha256_clone
                0x0000000000005eec        0x8 mbedtls\port\ksdk_mbedtls.o
                0x0000000000005eec                mbedtls_sha256_clone
 .text.mbedtls_sha256_starts
                0x0000000000005ef4       0x10 mbedtls\port\ksdk_mbedtls.o
                0x0000000000005ef4                mbedtls_sha256_starts
 .text.mbedtls_sha256_process
                0x0000000000005f04       0x10 mbedtls\port\ksdk_mbedtls.o
                0x0000000000005f04                mbedtls_sha256_process
 .text.mbedtls_sha256_update
                0x0000000000005f14        0xe mbedtls\port\ksdk_mbedtls.o
                0x0000000000005f14                mbedtls_sha256_update
 .text.mbedtls_sha256_finish
                0x0000000000005f22        0xe mbedtls\port\ksdk_mbedtls.o
                0x0000000000005f22                mbedtls_sha256_finish
 .text.mbedtls_hardware_poll
                0x0000000000005f30       0x22 mbedtls\port\ksdk_mbedtls.o
                0x0000000000005f30                mbedtls_hardware_poll
 .text.mbedtls_aes_init
                0x0000000000005f52        0xa mbedtls\source\aes.o
                0x0000000000005f52                mbedtls_aes_init
 .text.mbedtls_aes_free
                0x0000000000005f5c        0xe mbedtls\source\aes.o
                0x0000000000005f5c                mbedtls_aes_free
 .text.mbedtls_aes_crypt_ecb
                0x0000000000005f6a       0x28 mbedtls\source\aes.o
                0x0000000000005f6a                mbedtls_aes_crypt_ecb
 .text.mbedtls_aes_crypt_cbc
                0x0000000000005f92       0xb8 mbedtls\source\aes.o
                0x0000000000005f92                mbedtls_aes_crypt_cbc
 .text.mbedtls_aes_crypt_ctr
                0x000000000000604a       0x90 mbedtls\source\aes.o
                0x000000000000604a                mbedtls_aes_crypt_ctr
 .text.mbedtls_mpi_init
                0x00000000000060da       0x10 mbedtls\source\bignum.o
                0x00000000000060da                mbedtls_mpi_init
 .text.mbedtls_mpi_free
                0x00000000000060ea       0x3e mbedtls\source\bignum.o
                0x00000000000060ea                mbedtls_mpi_free
 .text.mbedtls_mpi_grow
                0x0000000000006128       0x78 mbedtls\source\bignum.o
                0x0000000000006128                mbedtls_mpi_grow
 .text.mbedtls_mpi_copy
                0x00000000000061a0       0xac mbedtls\source\bignum.o
                0x00000000000061a0                mbedtls_mpi_copy
 .text.mbedtls_mpi_lset
                0x000000000000624c       0x52 mbedtls\source\bignum.o
                0x000000000000624c                mbedtls_mpi_lset
 .text.mbedtls_mpi_get_bit
                0x000000000000629e       0x22 mbedtls\source\bignum.o
                0x000000000000629e                mbedtls_mpi_get_bit
 .text.mbedtls_mpi_bitlen
                0x00000000000062c0       0x58 mbedtls\source\bignum.o
                0x00000000000062c0                mbedtls_mpi_bitlen
 .text.mbedtls_mpi_size
                0x0000000000006318       0x12 mbedtls\source\bignum.o
                0x0000000000006318                mbedtls_mpi_size
 .text.mbedtls_mpi_read_binary
                0x000000000000632a       0xc0 mbedtls\source\bignum.o
                0x000000000000632a                mbedtls_mpi_read_binary
 .text.mbedtls_mpi_write_binary
                0x00000000000063ea       0x68 mbedtls\source\bignum.o
                0x00000000000063ea                mbedtls_mpi_write_binary
 .text.mbedtls_mpi_shift_r
                0x0000000000006452       0x9a mbedtls\source\bignum.o
                0x0000000000006452                mbedtls_mpi_shift_r
 .text.mbedtls_mpi_cmp_abs
                0x00000000000064ec       0xa2 mbedtls\source\bignum.o
                0x00000000000064ec                mbedtls_mpi_cmp_abs
 .text.mbedtls_mpi_cmp_mpi
                0x000000000000658e       0xc4 mbedtls\source\bignum.o
                0x000000000000658e                mbedtls_mpi_cmp_mpi
 .text.mbedtls_mpi_cmp_int
                0x0000000000006652       0x2c mbedtls\source\bignum.o
                0x0000000000006652                mbedtls_mpi_cmp_int
 .text.mbedtls_mpi_add_mpi
                0x000000000000667e       0x74 mbedtls\source\bignum.o
                0x000000000000667e                mbedtls_mpi_add_mpi
 .text.mbedtls_mpi_sub_mpi
                0x00000000000066f2       0x80 mbedtls\source\bignum.o
                0x00000000000066f2                mbedtls_mpi_sub_mpi
 .text.mbedtls_mpi_sub_int
                0x0000000000006772       0x2c mbedtls\source\bignum.o
                0x0000000000006772                mbedtls_mpi_sub_int
 .text.mbedtls_ccm_init
                0x000000000000679e        0xa mbedtls\source\ccm.o
                0x000000000000679e                mbedtls_ccm_init
 .text.mbedtls_ccm_setkey
                0x00000000000067a8       0x5c mbedtls\source\ccm.o
                0x00000000000067a8                mbedtls_ccm_setkey
 .text.mbedtls_ccm_free
                0x0000000000006804       0x1c mbedtls\source\ccm.o
                0x0000000000006804                mbedtls_ccm_free
 .text.get_no_padding
                0x0000000000006820       0x12 mbedtls\source\cipher.o
 .text.mbedtls_cipher_info_from_type
                0x0000000000006832       0x36 mbedtls\source\cipher.o
                0x0000000000006832                mbedtls_cipher_info_from_type
 .text.mbedtls_cipher_info_from_values
                0x0000000000006868       0x36 mbedtls\source\cipher.o
                0x0000000000006868                mbedtls_cipher_info_from_values
 .text.mbedtls_cipher_init
                0x000000000000689e        0xa mbedtls\source\cipher.o
                0x000000000000689e                mbedtls_cipher_init
 .text.mbedtls_cipher_free
                0x00000000000068a8       0x44 mbedtls\source\cipher.o
                0x00000000000068a8                mbedtls_cipher_free
 .text.mbedtls_cipher_setup
                0x00000000000068ec       0x60 mbedtls\source\cipher.o
                0x00000000000068ec                mbedtls_cipher_setup
 .text.mbedtls_cipher_setkey
                0x000000000000694c       0x46 mbedtls\source\cipher.o
                0x000000000000694c                mbedtls_cipher_setkey
 .text.mbedtls_cipher_update
                0x0000000000006992      0x1c4 mbedtls\source\cipher.o
                0x0000000000006992                mbedtls_cipher_update
 .text.ccm_ctx_free
                0x0000000000006b56       0x1e mbedtls\source\cipher_wrap.o
 .text.ccm_ctx_alloc
                0x0000000000006b74       0x28 mbedtls\source\cipher_wrap.o
 .text.ccm_aes_setkey_wrap
                0x0000000000006b9c        0xa mbedtls\source\cipher_wrap.o
 .text.aes_ctx_free
                0x0000000000006ba6       0x1e mbedtls\source\cipher_wrap.o
 .text.aes_ctx_alloc
                0x0000000000006bc4       0x28 mbedtls\source\cipher_wrap.o
 .text.aes_setkey_dec_wrap
                0x0000000000006bec        0x4 mbedtls\source\cipher_wrap.o
 .text.aes_setkey_enc_wrap
                0x0000000000006bf0        0x4 mbedtls\source\cipher_wrap.o
 .text.aes_crypt_ctr_wrap
                0x0000000000006bf4        0x4 mbedtls\source\cipher_wrap.o
 .text.aes_crypt_cbc_wrap
                0x0000000000006bf8        0x4 mbedtls\source\cipher_wrap.o
 .text.aes_crypt_ecb_wrap
                0x0000000000006bfc        0x4 mbedtls\source\cipher_wrap.o
 .text.cmac_multiply_by_u
                0x0000000000006c00       0x6c mbedtls\source\cmac.o
 .text.mbedtls_cipher_cmac_starts
                0x0000000000006c6c       0x70 mbedtls\source\cmac.o
                0x0000000000006c6c                mbedtls_cipher_cmac_starts
 .text.mbedtls_cipher_cmac_update
                0x0000000000006cdc      0x106 mbedtls\source\cmac.o
                0x0000000000006cdc                mbedtls_cipher_cmac_update
 .text.mbedtls_cipher_cmac_finish
                0x0000000000006de2      0x1a6 mbedtls\source\cmac.o
                0x0000000000006de2                mbedtls_cipher_cmac_finish
 .text.mbedtls_ecdh_gen_public
                0x0000000000006f88        0x2 mbedtls\source\ecdh.o
                0x0000000000006f88                mbedtls_ecdh_gen_public
 .text.mbedtls_ecdh_compute_shared
                0x0000000000006f8a       0x72 mbedtls\source\ecdh.o
                0x0000000000006f8a                mbedtls_ecdh_compute_shared
 .text.ecp_modp
                0x0000000000006ffc       0xc0 mbedtls\source\ecp.o
 .text.mbedtls_ecp_point_init.part.2
                0x00000000000070bc       0x22 mbedtls\source\ecp.o
 .text.mbedtls_ecp_point_free.part.4
                0x00000000000070de       0x22 mbedtls\source\ecp.o
 .text.mbedtls_ecp_curve_info_from_grp_id
                0x0000000000007100       0x12 mbedtls\source\ecp.o
                0x0000000000007100                mbedtls_ecp_curve_info_from_grp_id
 .text.mbedtls_ecp_point_init
                0x0000000000007112        0x8 mbedtls\source\ecp.o
                0x0000000000007112                mbedtls_ecp_point_init
 .text.mbedtls_ecp_group_init
                0x000000000000711a        0xe mbedtls\source\ecp.o
                0x000000000000711a                mbedtls_ecp_group_init
 .text.mbedtls_ecp_point_free
                0x0000000000007128        0x8 mbedtls\source\ecp.o
                0x0000000000007128                mbedtls_ecp_point_free
 .text.mbedtls_ecp_group_free
                0x0000000000007130       0x86 mbedtls\source\ecp.o
                0x0000000000007130                mbedtls_ecp_group_free
 .text.mbedtls_ecp_is_zero
                0x00000000000071b6       0x16 mbedtls\source\ecp.o
                0x00000000000071b6                mbedtls_ecp_is_zero
 .text.mbedtls_ecp_check_pubkey
                0x00000000000071cc      0x198 mbedtls\source\ecp.o
                0x00000000000071cc                mbedtls_ecp_check_pubkey
 .text.mbedtls_ecp_check_privkey
                0x0000000000007364       0x4e mbedtls\source\ecp.o
                0x0000000000007364                mbedtls_ecp_check_privkey
 .text.mbedtls_ecp_mul
                0x00000000000073b2       0x7e mbedtls\source\ecp.o
                0x00000000000073b2                mbedtls_ecp_mul
 .text.mbedtls_ecp_gen_keypair_base
                0x0000000000007430       0xd4 mbedtls\source\ecp.o
                0x0000000000007430                mbedtls_ecp_gen_keypair_base
 .text.mbedtls_ecp_gen_keypair
                0x0000000000007504       0x10 mbedtls\source\ecp.o
                0x0000000000007504                mbedtls_ecp_gen_keypair
 .text.ecp_mod_p256
                0x0000000000007514      0x408 mbedtls\source\ecp_curves.o
 .text.mbedtls_ecp_group_load
                0x000000000000791c       0xb8 mbedtls\source\ecp_curves.o
                0x000000000000791c                mbedtls_ecp_group_load
 .text.entropy_update
                0x00000000000079d4       0x66 mbedtls\source\entropy.o
 .text.entropy_gather_internal.part.0
                0x0000000000007a3a       0x8c mbedtls\source\entropy.o
 .text.mbedtls_entropy_init
                0x0000000000007ac6       0x5a mbedtls\source\entropy.o
                0x0000000000007ac6                mbedtls_entropy_init
 .text.mbedtls_entropy_func
                0x0000000000007b20       0xe6 mbedtls\source\entropy.o
                0x0000000000007b20                mbedtls_entropy_func
 .text.mbedtls_hmac_drbg_init
                0x0000000000007c06        0xa mbedtls\source\hmac_drbg.o
                0x0000000000007c06                mbedtls_hmac_drbg_init
 .text.mbedtls_hmac_drbg_update
                0x0000000000007c10       0x96 mbedtls\source\hmac_drbg.o
                0x0000000000007c10                mbedtls_hmac_drbg_update
 .text.mbedtls_hmac_drbg_reseed
                0x0000000000007ca6       0xa0 mbedtls\source\hmac_drbg.o
                0x0000000000007ca6                mbedtls_hmac_drbg_reseed
 .text.mbedtls_hmac_drbg_seed
                0x0000000000007d46       0x98 mbedtls\source\hmac_drbg.o
                0x0000000000007d46                mbedtls_hmac_drbg_seed
 .text.mbedtls_hmac_drbg_random_with_add
                0x0000000000007dde       0xc6 mbedtls\source\hmac_drbg.o
                0x0000000000007dde                mbedtls_hmac_drbg_random_with_add
 .text.mbedtls_hmac_drbg_random
                0x0000000000007ea4        0x8 mbedtls\source\hmac_drbg.o
                0x0000000000007ea4                mbedtls_hmac_drbg_random
 .text.mbedtls_md_info_from_type
                0x0000000000007eac       0x20 mbedtls\source\md.o
                0x0000000000007eac                mbedtls_md_info_from_type
 .text.mbedtls_md_setup
                0x0000000000007ecc       0x60 mbedtls\source\md.o
                0x0000000000007ecc                mbedtls_md_setup
 .text.mbedtls_md_hmac_starts
                0x0000000000007f2c       0xfa mbedtls\source\md.o
                0x0000000000007f2c                mbedtls_md_hmac_starts
 .text.mbedtls_md_hmac_update
                0x0000000000008026       0x24 mbedtls\source\md.o
                0x0000000000008026                mbedtls_md_hmac_update
 .text.mbedtls_md_hmac_finish
                0x000000000000804a       0x64 mbedtls\source\md.o
                0x000000000000804a                mbedtls_md_hmac_finish
 .text.mbedtls_md_hmac_reset
                0x00000000000080ae       0x42 mbedtls\source\md.o
                0x00000000000080ae                mbedtls_md_hmac_reset
 .text.mbedtls_md_get_size
                0x00000000000080f0        0xc mbedtls\source\md.o
                0x00000000000080f0                mbedtls_md_get_size
 .text.sha224_process_wrap
                0x00000000000080fc        0x4 mbedtls\source\md_wrap.o
 .text.sha224_clone_wrap
                0x0000000000008100        0x4 mbedtls\source\md_wrap.o
 .text.sha224_ctx_free
                0x0000000000008104       0x1e mbedtls\source\md_wrap.o
 .text.sha224_ctx_alloc
                0x0000000000008122       0x28 mbedtls\source\md_wrap.o
 .text.sha224_wrap
                0x000000000000814a        0x4 mbedtls\source\md_wrap.o
 .text.sha256_wrap
                0x000000000000814e        0x4 mbedtls\source\md_wrap.o
 .text.sha224_finish_wrap
                0x0000000000008152        0x4 mbedtls\source\md_wrap.o
 .text.sha224_update_wrap
                0x0000000000008156        0x4 mbedtls\source\md_wrap.o
 .text.sha224_starts_wrap
                0x000000000000815a        0x6 mbedtls\source\md_wrap.o
 .text.sha256_starts_wrap
                0x0000000000008160        0x6 mbedtls\source\md_wrap.o
 .text.mbedtls_sha256
                0x0000000000008166       0x58 mbedtls\source\sha256.o
                0x0000000000008166                mbedtls_sha256
 .text.MCMGR_TriggerEventCommon
                0x00000000000081be       0x4a mcmgr\mcmgr.o
 .text.MCMGR_FeedStartupDataEventHandler
                0x0000000000008208       0x58 mcmgr\mcmgr.o
                0x0000000000008208                MCMGR_FeedStartupDataEventHandler
 .text.MCMGR_StartupDataEventHandler
                0x0000000000008260       0x32 mcmgr\mcmgr.o
                0x0000000000008260                MCMGR_StartupDataEventHandler
 .text.MCMGR_RegisterEvent
                0x0000000000008292       0x20 mcmgr\mcmgr.o
                0x0000000000008292                MCMGR_RegisterEvent
 .text.MCMGR_TriggerEvent
                0x00000000000082b2        0x6 mcmgr\mcmgr.o
                0x00000000000082b2                MCMGR_TriggerEvent
 .text.MCMGR_TriggerEventForce
                0x00000000000082b8        0x6 mcmgr\mcmgr.o
                0x00000000000082b8                MCMGR_TriggerEventForce
 .text.MCMGR_EarlyInit
                0x00000000000082be       0x20 mcmgr\mcmgr.o
                0x00000000000082be                MCMGR_EarlyInit
 .text.MCMGR_Init
                0x00000000000082de       0x56 mcmgr\mcmgr.o
                0x00000000000082de                MCMGR_Init
 .text.MCMGR_StartCore
                0x0000000000008334       0x54 mcmgr\mcmgr.o
                0x0000000000008334                MCMGR_StartCore
 .text.MCMGR_StopCore
                0x0000000000008388       0x12 mcmgr\mcmgr.o
                0x0000000000008388                MCMGR_StopCore
 .text.mcmgr_early_init_internal
                0x000000000000839a       0x2c mcmgr\mcmgr_internal_core_api_rv32m1.o
                0x000000000000839a                mcmgr_early_init_internal
 .text.mcmgr_late_init_internal
                0x00000000000083c6       0x42 mcmgr\mcmgr_internal_core_api_rv32m1.o
                0x00000000000083c6                mcmgr_late_init_internal
 .text.mcmgr_start_core_internal
                0x0000000000008408       0x4c mcmgr\mcmgr_internal_core_api_rv32m1.o
                0x0000000000008408                mcmgr_start_core_internal
 .text.mcmgr_stop_core_internal
                0x0000000000008454       0x30 mcmgr\mcmgr_internal_core_api_rv32m1.o
                0x0000000000008454                mcmgr_stop_core_internal
 .text.mcmgr_get_current_core_internal
                0x0000000000008484       0x1a mcmgr\mcmgr_internal_core_api_rv32m1.o
                0x0000000000008484                mcmgr_get_current_core_internal
 .text.mcmgr_trigger_event_internal
                0x000000000000849e       0x24 mcmgr\mcmgr_internal_core_api_rv32m1.o
                0x000000000000849e                mcmgr_trigger_event_internal
 .text.MU_Rx3FullFlagISR
                0x00000000000084c2       0x2e mcmgr\mcmgr_internal_core_api_rv32m1.o
                0x00000000000084c2                MU_Rx3FullFlagISR
 .text.MU_UnusedISR
                0x00000000000084f0        0x2 mcmgr\mcmgr_mu_internal.o
                0x00000000000084f0                MU_GenInt2FlagISR
                0x00000000000084f0                MU_Rx0FullFlagISR
                0x00000000000084f0                MU_Tx3EmptyFlagISR
                0x00000000000084f0                MU_Rx2FullFlagISR
                0x00000000000084f0                MU_GenInt0FlagISR
                0x00000000000084f0                MU_GenInt1FlagISR
                0x00000000000084f0                MU_GenInt3FlagISR
                0x00000000000084f0                MU_Rx1FullFlagISR
                0x00000000000084f0                MU_Tx2EmptyFlagISR
                0x00000000000084f0                MU_UnusedISR
                0x00000000000084f0                MU_Tx1EmptyFlagISR
                0x00000000000084f0                MU_Tx0EmptyFlagISR
 .text.MUA_IRQHandler
                0x00000000000084f2       0x96 mcmgr\mcmgr_mu_internal.o
                0x00000000000084f2                MUA_IRQHandler
 .text.add_to_list
                0x0000000000008588       0x22 rpmsg_lite\llist.o
                0x0000000000008588                add_to_list
 .text.mcmgr_event_handler
                0x00000000000085aa        0x2 rpmsg_lite\porting\rpmsg_platform.o
 .text.platform_init_interrupt
                0x00000000000085ac       0x56 rpmsg_lite\porting\rpmsg_platform.o
                0x00000000000085ac                platform_init_interrupt
 .text.platform_notify
                0x0000000000008602       0x2c rpmsg_lite\porting\rpmsg_platform.o
                0x0000000000008602                platform_notify
 .text.platform_time_delay
                0x000000000000862e       0x34 rpmsg_lite\porting\rpmsg_platform.o
                0x000000000000862e                platform_time_delay
 .text.platform_interrupt_enable
                0x0000000000008662       0x28 rpmsg_lite\porting\rpmsg_platform.o
                0x0000000000008662                platform_interrupt_enable
 .text.platform_interrupt_disable
                0x000000000000868a       0x46 rpmsg_lite\porting\rpmsg_platform.o
                0x000000000000868a                platform_interrupt_disable
 .text.platform_vatopa
                0x00000000000086d0        0x2 rpmsg_lite\porting\rpmsg_platform.o
                0x00000000000086d0                platform_vatopa
 .text.platform_patova
                0x00000000000086d2        0x2 rpmsg_lite\porting\rpmsg_platform.o
                0x00000000000086d2                platform_patova
 .text.platform_init
                0x00000000000086d4       0x28 rpmsg_lite\porting\rpmsg_platform.o
                0x00000000000086d4                platform_init
 .text.env_init
                0x00000000000086fc       0x3c rpmsg_lite\rpmsg_lite\env\bm\rpmsg_env_bm.o
                0x00000000000086fc                env_init
 .text.env_memset
                0x0000000000008738        0x4 rpmsg_lite\rpmsg_lite\env\bm\rpmsg_env_bm.o
                0x0000000000008738                env_memset
 .text.env_memcpy
                0x000000000000873c        0x4 rpmsg_lite\rpmsg_lite\env\bm\rpmsg_env_bm.o
                0x000000000000873c                env_memcpy
 .text.env_strncpy
                0x0000000000008740        0x4 rpmsg_lite\rpmsg_lite\env\bm\rpmsg_env_bm.o
                0x0000000000008740                env_strncpy
 .text.env_mb   0x0000000000008744        0x4 rpmsg_lite\rpmsg_lite\env\bm\rpmsg_env_bm.o
                0x0000000000008744                env_mb
 .text.env_rmb  0x0000000000008748        0x4 rpmsg_lite\rpmsg_lite\env\bm\rpmsg_env_bm.o
                0x0000000000008748                env_rmb
 .text.env_wmb  0x000000000000874c        0x4 rpmsg_lite\rpmsg_lite\env\bm\rpmsg_env_bm.o
                0x000000000000874c                env_wmb
 .text.env_map_vatopa
                0x0000000000008750        0x4 rpmsg_lite\rpmsg_lite\env\bm\rpmsg_env_bm.o
                0x0000000000008750                env_map_vatopa
 .text.env_map_patova
                0x0000000000008754        0x4 rpmsg_lite\rpmsg_lite\env\bm\rpmsg_env_bm.o
                0x0000000000008754                env_map_patova
 .text.env_create_mutex
                0x0000000000008758        0x6 rpmsg_lite\rpmsg_lite\env\bm\rpmsg_env_bm.o
                0x0000000000008758                env_create_mutex
 .text.env_delete_mutex
                0x000000000000875e        0x2 rpmsg_lite\rpmsg_lite\env\bm\rpmsg_env_bm.o
                0x000000000000875e                env_delete_mutex
 .text.env_lock_mutex
                0x0000000000008760        0x2 rpmsg_lite\rpmsg_lite\env\bm\rpmsg_env_bm.o
                0x0000000000008760                env_lock_mutex
 .text.env_unlock_mutex
                0x0000000000008762        0x2 rpmsg_lite\rpmsg_lite\env\bm\rpmsg_env_bm.o
                0x0000000000008762                env_unlock_mutex
 .text.env_sleep_msec
                0x0000000000008764        0x4 rpmsg_lite\rpmsg_lite\env\bm\rpmsg_env_bm.o
                0x0000000000008764                env_sleep_msec
 .text.env_register_isr
                0x0000000000008768       0x16 rpmsg_lite\rpmsg_lite\env\bm\rpmsg_env_bm.o
                0x0000000000008768                env_register_isr
 .text.env_enable_interrupt
                0x000000000000877e        0x4 rpmsg_lite\rpmsg_lite\env\bm\rpmsg_env_bm.o
                0x000000000000877e                env_enable_interrupt
 .text.env_disable_interrupt
                0x0000000000008782        0x4 rpmsg_lite\rpmsg_lite\env\bm\rpmsg_env_bm.o
                0x0000000000008782                env_disable_interrupt
 .text.env_isr  0x0000000000008786       0x1a rpmsg_lite\rpmsg_lite\env\bm\rpmsg_env_bm.o
                0x0000000000008786                env_isr
 .text.rpmsg_lite_rx_callback
                0x00000000000087a0       0xbe rpmsg_lite\rpmsg_lite.o
 .text.rpmsg_lite_tx_callback
                0x000000000000885e        0xc rpmsg_lite\rpmsg_lite.o
 .text.virtqueue_notify
                0x000000000000886a        0x8 rpmsg_lite\rpmsg_lite.o
                0x000000000000886a                virtqueue_notify
 .text.vq_tx_master
                0x0000000000008872       0x12 rpmsg_lite\rpmsg_lite.o
 .text.vq_rx_free_master
                0x0000000000008884        0x4 rpmsg_lite\rpmsg_lite.o
 .text.vq_tx_alloc_master
                0x0000000000008888        0x2 rpmsg_lite\rpmsg_lite.o
 .text.vq_rx_master
                0x000000000000888a        0x2 rpmsg_lite\rpmsg_lite.o
 .text.rpmsg_lite_create_ept
                0x000000000000888c       0xb2 rpmsg_lite\rpmsg_lite.o
                0x000000000000888c                rpmsg_lite_create_ept
 .text.rpmsg_lite_format_message
                0x000000000000893e      0x140 rpmsg_lite\rpmsg_lite.o
                0x000000000000893e                rpmsg_lite_format_message
 .text.rpmsg_lite_send
                0x0000000000008a7e       0x24 rpmsg_lite\rpmsg_lite.o
                0x0000000000008a7e                rpmsg_lite_send
 .text.rpmsg_lite_master_init
                0x0000000000008aa2      0x232 rpmsg_lite\rpmsg_lite.o
                0x0000000000008aa2                rpmsg_lite_master_init
 .text.vq_ring_update_avail
                0x0000000000008cd4       0x40 rpmsg_lite\virtqueue.o
 .text.virtqueue_create_static
                0x0000000000008d14       0xb6 rpmsg_lite\virtqueue.o
                0x0000000000008d14                virtqueue_create_static
 .text.virtqueue_add_buffer
                0x0000000000008dca       0x10 rpmsg_lite\virtqueue.o
                0x0000000000008dca                virtqueue_add_buffer
 .text.virtqueue_fill_avail_buffers
                0x0000000000008dda       0x54 rpmsg_lite\virtqueue.o
                0x0000000000008dda                virtqueue_fill_avail_buffers
 .text.virtqueue_get_buffer
                0x0000000000008e2e       0x8a rpmsg_lite\virtqueue.o
                0x0000000000008e2e                virtqueue_get_buffer
 .text.virtqueue_fill_used_buffers
                0x0000000000008eb8       0x82 rpmsg_lite\virtqueue.o
                0x0000000000008eb8                virtqueue_fill_used_buffers
 .text.virtqueue_disable_cb
                0x0000000000008f3a       0x2e rpmsg_lite\virtqueue.o
                0x0000000000008f3a                virtqueue_disable_cb
 .text.virtqueue_kick
                0x0000000000008f68       0x5a rpmsg_lite\virtqueue.o
                0x0000000000008f68                virtqueue_kick
 .text.vq_ring_init
                0x0000000000008fc2       0x2c rpmsg_lite\virtqueue.o
                0x0000000000008fc2                vq_ring_init
 .text.virtqueue_notification
                0x0000000000008fee        0xe rpmsg_lite\virtqueue.o
                0x0000000000008fee                virtqueue_notification
 .text.App_GenericCallback
                0x0000000000008ffc       0x56 sources\common\ApplMain.o
 .text.App_ConnectionCallback
                0x0000000000009052      0x160 sources\common\ApplMain.o
 .text.App_AdvertisingCallback
                0x00000000000091b2       0x54 sources\common\ApplMain.o
 .text.App_GattServerCallback
                0x0000000000009206       0x96 sources\common\ApplMain.o
 .text.App_KeyboardCallBack
                0x000000000000929c        0x4 sources\common\ApplMain.o
 .text.main_task
                0x00000000000092a0      0x278 sources\common\ApplMain.o
                0x00000000000092a0                main_task
 .text.App_StartAdvertising
                0x0000000000009518       0x24 sources\common\ApplMain.o
                0x0000000000009518                App_StartAdvertising
 .text.App_RegisterGattServerCallback
                0x000000000000953c       0x14 sources\common\ApplMain.o
                0x000000000000953c                App_RegisterGattServerCallback
 .text.App_NvmWrite
                0x0000000000009550      0x10a sources\common\ApplMain.o
                0x0000000000009550                App_NvmWrite
 .text.App_NvmRead
                0x000000000000965a      0x10a sources\common\ApplMain.o
                0x000000000000965a                App_NvmRead
 .text.BleConnManager_GenericEvent
                0x0000000000009764      0x122 sources\common\ble_conn_manager.o
                0x0000000000009764                BleConnManager_GenericEvent
 .text.BleConnManager_GapDualRoleConfig
                0x0000000000009886       0x20 sources\common\ble_conn_manager.o
                0x0000000000009886                BleConnManager_GapDualRoleConfig
 .text.BleConnManager_GapPeripheralConfig
                0x00000000000098a6        0x4 sources\common\ble_conn_manager.o
                0x00000000000098a6                BleConnManager_GapPeripheralConfig
 .text.BleConnManager_GapPeripheralEvent
                0x00000000000098aa       0x18 sources\common\ble_conn_manager.o
                0x00000000000098aa                BleConnManager_GapPeripheralEvent
 .text.Host_Task
                0x00000000000098c2        0x6 sources\common\ble_host_tasks.o
 .text.Ble_HostTaskInit
                0x00000000000098c8       0x6a sources\common\ble_host_tasks.o
                0x00000000000098c8                Ble_HostTaskInit
 .text.Ble_Initialize
                0x0000000000009932       0x5a sources\common\ble_init.o
                0x0000000000009932                Ble_Initialize
 .text.GattDb_Init
                0x000000000000998c       0x26 sources\common\gatt_db\gatt_database.o
                0x000000000000998c                GattDb_Init
 .text.GattDb_GetIndexOfHandle
                0x00000000000099b2       0x50 sources\common\gatt_db\gatt_database.o
                0x00000000000099b2                GattDb_GetIndexOfHandle
 .text.BleApp_Advertise
                0x0000000000009a02       0x64 sources\heart_rate_sensor.o
 .text.BatteryMeasurementTimerCallback
                0x0000000000009a66       0x20 sources\heart_rate_sensor.o
 .text.TimerMeasurementCallback
                0x0000000000009a86       0x4e sources\heart_rate_sensor.o
 .text.AdvertisingTimerCallback
                0x0000000000009ad4       0x38 sources\heart_rate_sensor.o
 .text.BleApp_AdvertisingCallback
                0x0000000000009b0c       0xae sources\heart_rate_sensor.o
 .text.BleApp_GattServerCallback
                0x0000000000009bba       0x54 sources\heart_rate_sensor.o
 .text.BleApp_ConnectionCallback
                0x0000000000009c0e       0xfc sources\heart_rate_sensor.o
 .text.BleApp_Init
                0x0000000000009d0a        0x4 sources\heart_rate_sensor.o
                0x0000000000009d0a                BleApp_Init
 .text.BleApp_HandleKeys
                0x0000000000009d0e       0x90 sources\heart_rate_sensor.o
                0x0000000000009d0e                BleApp_HandleKeys
 .text.BleApp_GenericCallback
                0x0000000000009d9e       0xfa sources\heart_rate_sensor.o
                0x0000000000009d9e                BleApp_GenericCallback
 .text.DefaultIRQHandler
                0x0000000000009e98        0x2 startup\system_RV32M1_ri5cy.o
                0x0000000000009e98                LPSPI2_DriverIRQHandler
                0x0000000000009e98                LPI2C0_DriverIRQHandler
                0x0000000000009e98                I2S0_DriverIRQHandler
                0x0000000000009e98                LPTMR2_IRQHandler
                0x0000000000009e98                LPIT0_IRQHandler
                0x0000000000009e98                LPCMP0_IRQHandler
                0x0000000000009e98                LPI2C3_DriverIRQHandler
                0x0000000000009e98                WDOG0_IRQHandler
                0x0000000000009e98                ADC0_IRQHandler
                0x0000000000009e98                FLEXIO0_DriverIRQHandler
                0x0000000000009e98                EMVSIM0_IRQHandler
                0x0000000000009e98                LPCMP1_IRQHandler
                0x0000000000009e98                FTFE_Command_Complete_IRQHandler
                0x0000000000009e98                USDHC0_DriverIRQHandler
                0x0000000000009e98                LLWU0_IRQHandler
                0x0000000000009e98                LPDAC0_IRQHandler
                0x0000000000009e98                RTC_IRQHandler
                0x0000000000009e98                DMA0_3_7_11_15_DriverIRQHandler
                0x0000000000009e98                CMC0_IRQHandler
                0x0000000000009e98                EWM_IRQHandler
                0x0000000000009e98                DMA0_0_4_8_12_DriverIRQHandler
                0x0000000000009e98                DMA0_2_6_10_14_DriverIRQHandler
                0x0000000000009e98                RF0_0_IRQHandler
                0x0000000000009e98                LPSPI0_DriverIRQHandler
                0x0000000000009e98                USB0_IRQHandler
                0x0000000000009e98                FTFE_Read_Collision_IRQHandler
                0x0000000000009e98                LPI2C1_DriverIRQHandler
                0x0000000000009e98                LPSPI1_DriverIRQHandler
                0x0000000000009e98                SCG_IRQHandler
                0x0000000000009e98                DMA0_1_5_9_13_DriverIRQHandler
                0x0000000000009e98                RF0_1_IRQHandler
                0x0000000000009e98                CAU3_Security_Violation_IRQHandler
                0x0000000000009e98                LPIT1_IRQHandler
                0x0000000000009e98                CAU3_Task_Complete_IRQHandler
                0x0000000000009e98                INTMUX0_8_DriverIRQHandler
                0x0000000000009e98                LPTMR0_IRQHandler
                0x0000000000009e98                SPM_IRQHandler
                0x0000000000009e98                LPSPI3_DriverIRQHandler
                0x0000000000009e98                LPI2C2_DriverIRQHandler
                0x0000000000009e98                DMA0_Error_IRQHandler
                0x0000000000009e98                LPTMR1_IRQHandler
                0x0000000000009e98                TRNG_IRQHandler
 .text.DMA0_0_4_8_12_IRQHandler
                0x0000000000009e9a        0x4 startup\system_RV32M1_ri5cy.o
                0x0000000000009e9a                DMA0_0_4_8_12_IRQHandler
 .text.DMA0_1_5_9_13_IRQHandler
                0x0000000000009e9e        0x4 startup\system_RV32M1_ri5cy.o
                0x0000000000009e9e                DMA0_1_5_9_13_IRQHandler
 .text.DMA0_2_6_10_14_IRQHandler
                0x0000000000009ea2        0x4 startup\system_RV32M1_ri5cy.o
                0x0000000000009ea2                DMA0_2_6_10_14_IRQHandler
 .text.DMA0_3_7_11_15_IRQHandler
                0x0000000000009ea6        0x4 startup\system_RV32M1_ri5cy.o
                0x0000000000009ea6                DMA0_3_7_11_15_IRQHandler
 .text.FLEXIO0_IRQHandler
                0x0000000000009eaa        0x4 startup\system_RV32M1_ri5cy.o
                0x0000000000009eaa                FLEXIO0_IRQHandler
 .text.LPI2C0_IRQHandler
                0x0000000000009eae        0x4 startup\system_RV32M1_ri5cy.o
                0x0000000000009eae                LPI2C0_IRQHandler
 .text.LPI2C1_IRQHandler
                0x0000000000009eb2        0x4 startup\system_RV32M1_ri5cy.o
                0x0000000000009eb2                LPI2C1_IRQHandler
 .text.LPI2C2_IRQHandler
                0x0000000000009eb6        0x4 startup\system_RV32M1_ri5cy.o
                0x0000000000009eb6                LPI2C2_IRQHandler
 .text.I2S0_IRQHandler
                0x0000000000009eba        0x4 startup\system_RV32M1_ri5cy.o
                0x0000000000009eba                I2S0_IRQHandler
 .text.USDHC0_IRQHandler
                0x0000000000009ebe        0x4 startup\system_RV32M1_ri5cy.o
                0x0000000000009ebe                USDHC0_IRQHandler
 .text.LPSPI0_IRQHandler
                0x0000000000009ec2        0x4 startup\system_RV32M1_ri5cy.o
                0x0000000000009ec2                LPSPI0_IRQHandler
 .text.LPSPI1_IRQHandler
                0x0000000000009ec6        0x4 startup\system_RV32M1_ri5cy.o
                0x0000000000009ec6                LPSPI1_IRQHandler
 .text.LPSPI2_IRQHandler
                0x0000000000009eca        0x4 startup\system_RV32M1_ri5cy.o
                0x0000000000009eca                LPSPI2_IRQHandler
 .text.LPI2C3_IRQHandler
                0x0000000000009ece        0x4 startup\system_RV32M1_ri5cy.o
                0x0000000000009ece                LPI2C3_IRQHandler
 .text.LPSPI3_IRQHandler
                0x0000000000009ed2        0x4 startup\system_RV32M1_ri5cy.o
                0x0000000000009ed2                LPSPI3_IRQHandler
 .text.INTMUX0_0_IRQHandler
                0x0000000000009ed6        0x4 startup\system_RV32M1_ri5cy.o
                0x0000000000009ed6                INTMUX0_0_IRQHandler
 .text.INTMUX0_1_IRQHandler
                0x0000000000009eda        0x4 startup\system_RV32M1_ri5cy.o
                0x0000000000009eda                INTMUX0_1_IRQHandler
 .text.INTMUX0_2_IRQHandler
                0x0000000000009ede        0x4 startup\system_RV32M1_ri5cy.o
                0x0000000000009ede                INTMUX0_2_IRQHandler
 .text.INTMUX0_3_IRQHandler
                0x0000000000009ee2        0x4 startup\system_RV32M1_ri5cy.o
                0x0000000000009ee2                INTMUX0_3_IRQHandler
 .text.INTMUX0_4_IRQHandler
                0x0000000000009ee6        0x4 startup\system_RV32M1_ri5cy.o
                0x0000000000009ee6                INTMUX0_4_IRQHandler
 .text.INTMUX0_5_IRQHandler
                0x0000000000009eea        0x4 startup\system_RV32M1_ri5cy.o
                0x0000000000009eea                INTMUX0_5_IRQHandler
 .text.INTMUX0_6_IRQHandler
                0x0000000000009eee        0x4 startup\system_RV32M1_ri5cy.o
                0x0000000000009eee                INTMUX0_6_IRQHandler
 .text.INTMUX0_7_IRQHandler
                0x0000000000009ef2        0x4 startup\system_RV32M1_ri5cy.o
                0x0000000000009ef2                INTMUX0_7_IRQHandler
 .text.SystemCoreClockUpdate
                0x0000000000009ef6       0xc2 startup\system_RV32M1_ri5cy.o
                0x0000000000009ef6                SystemCoreClockUpdate
 .text.SystemInitHook
                0x0000000000009fb8        0x2 startup\system_RV32M1_ri5cy.o
                0x0000000000009fb8                SystemInitHook
 .text.SystemInit
                0x0000000000009fba       0xe4 startup\system_RV32M1_ri5cy.o
                0x0000000000009fba                SystemInit
 .text.SystemIrqHandler
                0x000000000000a09e       0x4e startup\system_RV32M1_ri5cy.o
                0x000000000000a09e                SystemIrqHandler
 .text.EVENT_SetIRQPriority
                0x000000000000a0ec       0x38 startup\system_RV32M1_ri5cy.o
                0x000000000000a0ec                EVENT_SetIRQPriority
 .text.EVENT_GetIRQPriority
                0x000000000000a124       0x2a startup\system_RV32M1_ri5cy.o
                0x000000000000a124                EVENT_GetIRQPriority
 .text.DbgConsole_RelocateLog
                0x000000000000a14e       0x6e utilities\fsl_debug_console.o
 .text.DbgConsole_Init
                0x000000000000a1bc        0x8 utilities\fsl_debug_console.o
                0x000000000000a1bc                DbgConsole_Init
 .text.DbgConsole_Printf
                0x000000000000a1c4       0x44 utilities\fsl_debug_console.o
                0x000000000000a1c4                DbgConsole_Printf
 .text.IO_Init  0x000000000000a208       0x56 utilities\fsl_io.o
                0x000000000000a208                IO_Init
 .text.IO_Transfer
                0x000000000000a25e       0x38 utilities\fsl_io.o
                0x000000000000a25e                IO_Transfer
 .text.LOG_Init
                0x000000000000a296       0x20 utilities\fsl_log.o
                0x000000000000a296                LOG_Init
 .text.LOG_Push
                0x000000000000a2b6       0x2c utilities\fsl_log.o
                0x000000000000a2b6                LOG_Push
 .text.StrFormatPrintf
                0x000000000000a2e2      0x310 utilities\fsl_str.o
                0x000000000000a2e2                StrFormatPrintf
 .text.att_indexForDeviceId
                0x000000000000a5f2       0x2c ..\..\..\..\..\..\..\..\..\middleware\wireless\bluetooth_1.4.0\host\lib\lib_ble_5-0_host_ri5cy.a(att.o)
 .text.att_SendData
                0x000000000000a61e      0x51a ..\..\..\..\..\..\..\..\..\middleware\wireless\bluetooth_1.4.0\host\lib\lib_ble_5-0_host_ri5cy.a(att.o)
 .text.Att_Init
                0x000000000000ab38       0x28 ..\..\..\..\..\..\..\..\..\middleware\wireless\bluetooth_1.4.0\host\lib\lib_ble_5-0_host_ri5cy.a(att.o)
                0x000000000000ab38                Att_Init
 .text.Att_NotifyConnection
                0x000000000000ab60       0x5a ..\..\..\..\..\..\..\..\..\middleware\wireless\bluetooth_1.4.0\host\lib\lib_ble_5-0_host_ri5cy.a(att.o)
                0x000000000000ab60                Att_NotifyConnection
 .text.Att_NotifyDisconnection
                0x000000000000abba       0x44 ..\..\..\..\..\..\..\..\..\middleware\wireless\bluetooth_1.4.0\host\lib\lib_ble_5-0_host_ri5cy.a(att.o)
                0x000000000000abba                Att_NotifyDisconnection
 .text.Att_SetMtu
                0x000000000000abfe       0x48 ..\..\..\..\..\..\..\..\..\middleware\wireless\bluetooth_1.4.0\host\lib\lib_ble_5-0_host_ri5cy.a(att.o)
                0x000000000000abfe                Att_SetMtu
 .text.Att_GetMtu
                0x000000000000ac46       0x36 ..\..\..\..\..\..\..\..\..\middleware\wireless\bluetooth_1.4.0\host\lib\lib_ble_5-0_host_ri5cy.a(att.o)
                0x000000000000ac46                Att_GetMtu
 .text.AttClient_SendExchangeMtuRequest
                0x000000000000ac7c        0x8 ..\..\..\..\..\..\..\..\..\middleware\wireless\bluetooth_1.4.0\host\lib\lib_ble_5-0_host_ri5cy.a(att.o)
                0x000000000000ac7c                AttClient_SendExchangeMtuRequest
 .text.AttClient_SendFindInformationRequest
                0x000000000000ac84        0x8 ..\..\..\..\..\..\..\..\..\middleware\wireless\bluetooth_1.4.0\host\lib\lib_ble_5-0_host_ri5cy.a(att.o)
                0x000000000000ac84                AttClient_SendFindInformationRequest
 .text.AttClient_SendFindByTypeValueRequest
                0x000000000000ac8c        0x8 ..\..\..\..\..\..\..\..\..\middleware\wireless\bluetooth_1.4.0\host\lib\lib_ble_5-0_host_ri5cy.a(att.o)
                0x000000000000ac8c                AttClient_SendFindByTypeValueRequest
 .text.AttClient_SendReadByTypeRequest
                0x000000000000ac94        0x8 ..\..\..\..\..\..\..\..\..\middleware\wireless\bluetooth_1.4.0\host\lib\lib_ble_5-0_host_ri5cy.a(att.o)
                0x000000000000ac94                AttClient_SendReadByTypeRequest
 .text.AttClient_SendReadRequest
                0x000000000000ac9c        0x8 ..\..\..\..\..\..\..\..\..\middleware\wireless\bluetooth_1.4.0\host\lib\lib_ble_5-0_host_ri5cy.a(att.o)
                0x000000000000ac9c                AttClient_SendReadRequest
 .text.AttClient_SendReadBlobRequest
                0x000000000000aca4        0x8 ..\..\..\..\..\..\..\..\..\middleware\wireless\bluetooth_1.4.0\host\lib\lib_ble_5-0_host_ri5cy.a(att.o)
                0x000000000000aca4                AttClient_SendReadBlobRequest
 .text.AttClient_SendReadMultipleRequest
                0x000000000000acac        0x8 ..\..\..\..\..\..\..\..\..\middleware\wireless\bluetooth_1.4.0\host\lib\lib_ble_5-0_host_ri5cy.a(att.o)
                0x000000000000acac                AttClient_SendReadMultipleRequest
 .text.AttClient_SendReadByGroupTypeRequest
                0x000000000000acb4        0x8 ..\..\..\..\..\..\..\..\..\middleware\wireless\bluetooth_1.4.0\host\lib\lib_ble_5-0_host_ri5cy.a(att.o)
                0x000000000000acb4                AttClient_SendReadByGroupTypeRequest
 .text.AttClient_SendWriteRequest
                0x000000000000acbc        0x8 ..\..\..\..\..\..\..\..\..\middleware\wireless\bluetooth_1.4.0\host\lib\lib_ble_5-0_host_ri5cy.a(att.o)
                0x000000000000acbc                AttClient_SendWriteRequest
 .text.AttClient_SendWriteCommand
                0x000000000000acc4        0xa ..\..\..\..\..\..\..\..\..\middleware\wireless\bluetooth_1.4.0\host\lib\lib_ble_5-0_host_ri5cy.a(att.o)
                0x000000000000acc4                AttClient_SendWriteCommand
 .text.AttClient_SendSignedWriteCommand
                0x000000000000acce        0xa ..\..\..\..\..\..\..\..\..\middleware\wireless\bluetooth_1.4.0\host\lib\lib_ble_5-0_host_ri5cy.a(att.o)
                0x000000000000acce                AttClient_SendSignedWriteCommand
 .text.AttClient_SendPrepareWriteRequest
                0x000000000000acd8        0x8 ..\..\..\..\..\..\..\..\..\middleware\wireless\bluetooth_1.4.0\host\lib\lib_ble_5-0_host_ri5cy.a(att.o)
                0x000000000000acd8                AttClient_SendPrepareWriteRequest
 .text.AttClient_SendExecuteWriteRequest
                0x000000000000ace0        0x8 ..\..\..\..\..\..\..\..\..\middleware\wireless\bluetooth_1.4.0\host\lib\lib_ble_5-0_host_ri5cy.a(att.o)
                0x000000000000ace0                AttClient_SendExecuteWriteRequest
 .text.AttClient_SendHandleValueConfirmation
                0x000000000000ace8        0x8 ..\..\..\..\..\..\..\..\..\middleware\wireless\bluetooth_1.4.0\host\lib\lib_ble_5-0_host_ri5cy.a(att.o)
                0x000000000000ace8                AttClient_SendHandleValueConfirmation
 .text.AttServer_SendErrorResponse
                0x000000000000acf0        0x8 ..\..\..\..\..\..\..\..\..\middleware\wireless\bluetooth_1.4.0\host\lib\lib_ble_5-0_host_ri5cy.a(att.o)
                0x000000000000acf0                AttServer_SendErrorResponse
 .text.AttServer_SendExchangeMtuResponse
                0x000000000000acf8        0x8 ..\..\..\..\..\..\..\..\..\middleware\wireless\bluetooth_1.4.0\host\lib\lib_ble_5-0_host_ri5cy.a(att.o)
                0x000000000000acf8                AttServer_SendExchangeMtuResponse
 .text.AttServer_SendFindInformationResponse
                0x000000000000ad00        0x8 ..\..\..\..\..\..\..\..\..\middleware\wireless\bluetooth_1.4.0\host\lib\lib_ble_5-0_host_ri5cy.a(att.o)
                0x000000000000ad00                AttServer_SendFindInformationResponse
 .text.AttServer_SendFindByTypeValueResponse
                0x000000000000ad08        0x8 ..\..\..\..\..\..\..\..\..\middleware\wireless\bluetooth_1.4.0\host\lib\lib_ble_5-0_host_ri5cy.a(att.o)
                0x000000000000ad08                AttServer_SendFindByTypeValueResponse
 .text.AttServer_SendReadByTypeResponse
                0x000000000000ad10        0x8 ..\..\..\..\..\..\..\..\..\middleware\wireless\bluetooth_1.4.0\host\lib\lib_ble_5-0_host_ri5cy.a(att.o)
                0x000000000000ad10                AttServer_SendReadByTypeResponse
 .text.AttServer_SendReadResponse
                0x000000000000ad18        0x8 ..\..\..\..\..\..\..\..\..\middleware\wireless\bluetooth_1.4.0\host\lib\lib_ble_5-0_host_ri5cy.a(att.o)
                0x000000000000ad18                AttServer_SendReadResponse
 .text.AttServer_SendReadBlobResponse
                0x000000000000ad20        0x8 ..\..\..\..\..\..\..\..\..\middleware\wireless\bluetooth_1.4.0\host\lib\lib_ble_5-0_host_ri5cy.a(att.o)
                0x000000000000ad20                AttServer_SendReadBlobResponse
 .text.AttServer_SendReadMultipleResponse
                0x000000000000ad28        0x8 ..\..\..\..\..\..\..\..\..\middleware\wireless\bluetooth_1.4.0\host\lib\lib_ble_5-0_host_ri5cy.a(att.o)
                0x000000000000ad28                AttServer_SendReadMultipleResponse
 .text.AttServer_SendReadByGroupTypeResponse
                0x000000000000ad30        0x8 ..\..\..\..\..\..\..\..\..\middleware\wireless\bluetooth_1.4.0\host\lib\lib_ble_5-0_host_ri5cy.a(att.o)
                0x000000000000ad30                AttServer_SendReadByGroupTypeResponse
 .text.AttServer_SendWriteResponse
                0x000000000000ad38        0x8 ..\..\..\..\..\..\..\..\..\middleware\wireless\bluetooth_1.4.0\host\lib\lib_ble_5-0_host_ri5cy.a(att.o)